Archive member included to satisfy reference by file (symbol)

c:/st/stm32cubeide_1.4.0/stm32cubeide/plugins/com.st.stm32cube.ide.mcu.externaltools.gnu-tools-for-stm32.7-2018-q2-update.win32_1.4.0.202007081208/tools/bin/../lib/gcc/arm-none-eabi/7.3.1/../../../../arm-none-eabi/lib/thumb/v7e-m/fpv5/hard\libc_nano.a(lib_a-errno.o)
                              Core/Src/syscalls.o (__errno)
c:/st/stm32cubeide_1.4.0/stm32cubeide/plugins/com.st.stm32cube.ide.mcu.externaltools.gnu-tools-for-stm32.7-2018-q2-update.win32_1.4.0.202007081208/tools/bin/../lib/gcc/arm-none-eabi/7.3.1/../../../../arm-none-eabi/lib/thumb/v7e-m/fpv5/hard\libc_nano.a(lib_a-exit.o)
                              c:/st/stm32cubeide_1.4.0/stm32cubeide/plugins/com.st.stm32cube.ide.mcu.externaltools.gnu-tools-for-stm32.7-2018-q2-update.win32_1.4.0.202007081208/tools/bin/../lib/gcc/arm-none-eabi/7.3.1/../../../../arm-none-eabi/lib/thumb/v7e-m/fpv5/hard/crt0.o (exit)
c:/st/stm32cubeide_1.4.0/stm32cubeide/plugins/com.st.stm32cube.ide.mcu.externaltools.gnu-tools-for-stm32.7-2018-q2-update.win32_1.4.0.202007081208/tools/bin/../lib/gcc/arm-none-eabi/7.3.1/../../../../arm-none-eabi/lib/thumb/v7e-m/fpv5/hard\libc_nano.a(lib_a-impure.o)
                              c:/st/stm32cubeide_1.4.0/stm32cubeide/plugins/com.st.stm32cube.ide.mcu.externaltools.gnu-tools-for-stm32.7-2018-q2-update.win32_1.4.0.202007081208/tools/bin/../lib/gcc/arm-none-eabi/7.3.1/../../../../arm-none-eabi/lib/thumb/v7e-m/fpv5/hard\libc_nano.a(lib_a-exit.o) (_global_impure_ptr)
c:/st/stm32cubeide_1.4.0/stm32cubeide/plugins/com.st.stm32cube.ide.mcu.externaltools.gnu-tools-for-stm32.7-2018-q2-update.win32_1.4.0.202007081208/tools/bin/../lib/gcc/arm-none-eabi/7.3.1/../../../../arm-none-eabi/lib/thumb/v7e-m/fpv5/hard\libc_nano.a(lib_a-init.o)
                              c:/st/stm32cubeide_1.4.0/stm32cubeide/plugins/com.st.stm32cube.ide.mcu.externaltools.gnu-tools-for-stm32.7-2018-q2-update.win32_1.4.0.202007081208/tools/bin/../lib/gcc/arm-none-eabi/7.3.1/../../../../arm-none-eabi/lib/thumb/v7e-m/fpv5/hard/crt0.o (__libc_init_array)
c:/st/stm32cubeide_1.4.0/stm32cubeide/plugins/com.st.stm32cube.ide.mcu.externaltools.gnu-tools-for-stm32.7-2018-q2-update.win32_1.4.0.202007081208/tools/bin/../lib/gcc/arm-none-eabi/7.3.1/../../../../arm-none-eabi/lib/thumb/v7e-m/fpv5/hard\libc_nano.a(lib_a-memcpy-stub.o)
                              Middlewares/Third_Party/FreeRTOS/Source/CMSIS_RTOS_V2/cmsis_os2.o (memcpy)
c:/st/stm32cubeide_1.4.0/stm32cubeide/plugins/com.st.stm32cube.ide.mcu.externaltools.gnu-tools-for-stm32.7-2018-q2-update.win32_1.4.0.202007081208/tools/bin/../lib/gcc/arm-none-eabi/7.3.1/../../../../arm-none-eabi/lib/thumb/v7e-m/fpv5/hard\libc_nano.a(lib_a-memset.o)
                              c:/st/stm32cubeide_1.4.0/stm32cubeide/plugins/com.st.stm32cube.ide.mcu.externaltools.gnu-tools-for-stm32.7-2018-q2-update.win32_1.4.0.202007081208/tools/bin/../lib/gcc/arm-none-eabi/7.3.1/../../../../arm-none-eabi/lib/thumb/v7e-m/fpv5/hard/crt0.o (memset)
c:/st/stm32cubeide_1.4.0/stm32cubeide/plugins/com.st.stm32cube.ide.mcu.externaltools.gnu-tools-for-stm32.7-2018-q2-update.win32_1.4.0.202007081208/tools/bin/../lib/gcc/arm-none-eabi/7.3.1/../../../../arm-none-eabi/lib/thumb/v7e-m/fpv5/hard\libc_nano.a(lib_a-sprintf.o)
                              Core/Src/main.o (sprintf)
c:/st/stm32cubeide_1.4.0/stm32cubeide/plugins/com.st.stm32cube.ide.mcu.externaltools.gnu-tools-for-stm32.7-2018-q2-update.win32_1.4.0.202007081208/tools/bin/../lib/gcc/arm-none-eabi/7.3.1/../../../../arm-none-eabi/lib/thumb/v7e-m/fpv5/hard\libc_nano.a(lib_a-nano-svfprintf.o)
                              c:/st/stm32cubeide_1.4.0/stm32cubeide/plugins/com.st.stm32cube.ide.mcu.externaltools.gnu-tools-for-stm32.7-2018-q2-update.win32_1.4.0.202007081208/tools/bin/../lib/gcc/arm-none-eabi/7.3.1/../../../../arm-none-eabi/lib/thumb/v7e-m/fpv5/hard\libc_nano.a(lib_a-sprintf.o) (_svfprintf_r)
c:/st/stm32cubeide_1.4.0/stm32cubeide/plugins/com.st.stm32cube.ide.mcu.externaltools.gnu-tools-for-stm32.7-2018-q2-update.win32_1.4.0.202007081208/tools/bin/../lib/gcc/arm-none-eabi/7.3.1/../../../../arm-none-eabi/lib/thumb/v7e-m/fpv5/hard\libc_nano.a(lib_a-nano-vfprintf_i.o)
                              c:/st/stm32cubeide_1.4.0/stm32cubeide/plugins/com.st.stm32cube.ide.mcu.externaltools.gnu-tools-for-stm32.7-2018-q2-update.win32_1.4.0.202007081208/tools/bin/../lib/gcc/arm-none-eabi/7.3.1/../../../../arm-none-eabi/lib/thumb/v7e-m/fpv5/hard\libc_nano.a(lib_a-nano-svfprintf.o) (_printf_i)
c:/st/stm32cubeide_1.4.0/stm32cubeide/plugins/com.st.stm32cube.ide.mcu.externaltools.gnu-tools-for-stm32.7-2018-q2-update.win32_1.4.0.202007081208/tools/bin/../lib/gcc/arm-none-eabi/7.3.1/../../../../arm-none-eabi/lib/thumb/v7e-m/fpv5/hard\libc_nano.a(lib_a-memchr.o)
[...]
Memory Configuration

Name             Origin             Length             Attributes
DTCMRAM          0x0000000020000000 0x0000000000020000 xrw
ITCMRAM          0x0000000000000000 0x0000000000010000 xrw
RAM_D1           0x0000000024000000 0x0000000000080000 xrw
RAM_D2           0x0000000030000000 0x0000000000048000 xrw
RAM_D3           0x0000000038000000 0x0000000000010000 xrw
FLASH            0x0000000008000000 0x0000000000200000 xr
*default*        0x0000000000000000 0xffffffffffffffff

Linker script and memory map

LOAD c:/st/stm32cubeide_1.4.0/stm32cubeide/plugins/com.st.stm32cube.ide.mcu.externaltools.gnu-tools-for-stm32.7-2018-q2-update.win32_1.4.0.202007081208/tools/bin/../lib/gcc/arm-none-eabi/7.3.1/thumb/v7e-m/fpv5/hard/crti.o
LOAD c:/st/stm32cubeide_1.4.0/stm32cubeide/plugins/com.st.stm32cube.ide.mcu.externaltools.gnu-tools-for-stm32.7-2018-q2-update.win32_1.4.0.202007081208/tools/bin/../lib/gcc/arm-none-eabi/7.3.1/thumb/v7e-m/fpv5/hard/crtbegin.o
LOAD c:/st/stm32cubeide_1.4.0/stm32cubeide/plugins/com.st.stm32cube.ide.mcu.externaltools.gnu-tools-for-stm32.7-2018-q2-update.win32_1.4.0.202007081208/tools/bin/../lib/gcc/arm-none-eabi/7.3.1/../../../../arm-none-eabi/lib/thumb/v7e-m/fpv5/hard/crt0.o
LOAD Core/Src/freertos.o
LOAD Core/Src/main.o
LOAD Core/Src/stm32h7xx_hal_msp.o
LOAD Core/Src/stm32h7xx_hal_timebase_tim.o
LOAD Core/Src/stm32h7xx_it.o
LOAD Core/Src/syscalls.o
LOAD Core/Src/sysmem.o
LOAD Core/Src/system_stm32h7xx.o
LOAD Core/Startup/startup_stm32h743zitx.o
LOAD Drivers/STM32H7xx_HAL_Driver/Src/stm32h7xx_hal.o
LOAD Drivers/STM32H7xx_HAL_Driver/Src/stm32h7xx_hal_cortex.o
LOAD Drivers/STM32H7xx_HAL_Driver/Src/stm32h7xx_hal_dma.o
LOAD Drivers/STM32H7xx_HAL_Driver/Src/stm32h7xx_hal_dma_ex.o
LOAD Drivers/STM32H7xx_HAL_Driver/Src/stm32h7xx_hal_eth.o
LOAD Drivers/STM32H7xx_HAL_Driver/Src/stm32h7xx_hal_eth_ex.o
LOAD Drivers/STM32H7xx_HAL_Driver/Src/stm32h7xx_hal_exti.o
LOAD Drivers/STM32H7xx_HAL_Driver/Src/stm32h7xx_hal_flash.o
LOAD Drivers/STM32H7xx_HAL_Driver/Src/stm32h7xx_hal_flash_ex.o
LOAD Drivers/STM32H7xx_HAL_Driver/Src/stm32h7xx_hal_gpio.o
LOAD Drivers/STM32H7xx_HAL_Driver/Src/stm32h7xx_hal_hsem.o
LOAD Drivers/STM32H7xx_HAL_Driver/Src/stm32h7xx_hal_i2c.o
LOAD Drivers/STM32H7xx_HAL_Driver/Src/stm32h7xx_hal_i2c_ex.o
LOAD Drivers/STM32H7xx_HAL_Driver/Src/stm32h7xx_hal_mdma.o
LOAD Drivers/STM32H7xx_HAL_Driver/Src/stm32h7xx_hal_pcd.o
LOAD Drivers/STM32H7xx_HAL_Driver/Src/stm32h7xx_hal_pcd_ex.o
LOAD Drivers/STM32H7xx_HAL_Driver/Src/stm32h7xx_hal_pwr.o
LOAD Drivers/STM32H7xx_HAL_Driver/Src/stm32h7xx_hal_pwr_ex.o
LOAD Drivers/STM32H7xx_HAL_Driver/Src/stm32h7xx_hal_rcc.o
LOAD Drivers/STM32H7xx_HAL_Driver/Src/stm32h7xx_hal_rcc_ex.o
LOAD Drivers/STM32H7xx_HAL_Driver/Src/stm32h7xx_hal_spi.o
LOAD Drivers/STM32H7xx_HAL_Driver/Src/stm32h7xx_hal_spi_ex.o
LOAD Drivers/STM32H7xx_HAL_Driver/Src/stm32h7xx_hal_tim.o
LOAD Drivers/STM32H7xx_HAL_Driver/Src/stm32h7xx_hal_tim_ex.o
LOAD Drivers/STM32H7xx_HAL_Driver/Src/stm32h7xx_hal_uart.o
LOAD Drivers/STM32H7xx_HAL_Driver/Src/stm32h7xx_hal_uart_ex.o
LOAD Drivers/STM32H7xx_HAL_Driver/Src/stm32h7xx_ll_usb.o
LOAD Middlewares/Third_Party/FreeRTOS/Source/CMSIS_RTOS_V2/cmsis_os2.o
LOAD Middlewares/Third_Party/FreeRTOS/Source/croutine.o
LOAD Middlewares/Third_Party/FreeRTOS/Source/event_groups.o
LOAD Middlewares/Third_Party/FreeRTOS/Source/list.o
LOAD Middlewares/Third_Party/FreeRTOS/Source/queue.o
LOAD Middlewares/Third_Party/FreeRTOS/Source/stream_buffer.o
LOAD Middlewares/Third_Party/FreeRTOS/Source/tasks.o
LOAD Middlewares/Third_Party/FreeRTOS/Source/timers.o
LOAD Middlewares/Third_Party/FreeRTOS/Source/portable/GCC/ARM_CM4F/port.o
LOAD Middlewares/Third_Party/FreeRTOS/Source/portable/MemMang/heap_4.o
START GROUP
LOAD c:/st/stm32cubeide_1.4.0/stm32cubeide/plugins/com.st.stm32cube.ide.mcu.externaltools.gnu-tools-for-stm32.7-2018-q2-update.win32_1.4.0.202007081208/tools/bin/../lib/gcc/arm-none-eabi/7.3.1/../../../../arm-none-eabi/lib/thumb/v7e-m/fpv5/hard\libc_nano.a
LOAD c:/st/stm32cubeide_1.4.0/stm32cubeide/plugins/com.st.stm32cube.ide.mcu.externaltools.gnu-tools-for-stm32.7-2018-q2-update.win32_1.4.0.202007081208/tools/bin/../lib/gcc/arm-none-eabi/7.3.1/../../../../arm-none-eabi/lib/thumb/v7e-m/fpv5/hard\libm.a
END GROUP
START GROUP
LOAD c:/st/stm32cubeide_1.4.0/stm32cubeide/plugins/com.st.stm32cube.ide.mcu.externaltools.gnu-tools-for-stm32.7-2018-q2-update.win32_1.4.0.202007081208/tools/bin/../lib/gcc/arm-none-eabi/7.3.1/thumb/v7e-m/fpv5/hard\libgcc.a
LOAD c:/st/stm32cubeide_1.4.0/stm32cubeide/plugins/com.st.stm32cube.ide.mcu.externaltools.gnu-tools-for-stm32.7-2018-q2-update.win32_1.4.0.202007081208/tools/bin/../lib/gcc/arm-none-eabi/7.3.1/../../../../arm-none-eabi/lib/thumb/v7e-m/fpv5/hard\libc_nano.a
END GROUP
START GROUP
LOAD c:/st/stm32cubeide_1.4.0/stm32cubeide/plugins/com.st.stm32cube.ide.mcu.externaltools.gnu-tools-for-stm32.7-2018-q2-update.win32_1.4.0.202007081208/tools/bin/../lib/gcc/arm-none-eabi/7.3.1/thumb/v7e-m/fpv5/hard\libgcc.a
LOAD c:/st/stm32cubeide_1.4.0/stm32cubeide/plugins/com.st.stm32cube.ide.mcu.externaltools.gnu-tools-for-stm32.7-2018-q2-update.win32_1.4.0.202007081208/tools/bin/../lib/gcc/arm-none-eabi/7.3.1/../../../../arm-none-eabi/lib/thumb/v7e-m/fpv5/hard\libc_nano.a
LOAD c:/st/stm32cubeide_1.4.0/stm32cubeide/plugins/com.st.stm32cube.ide.mcu.externaltools.gnu-tools-for-stm32.7-2018-q2-update.win32_1.4.0.202007081208/tools/bin/../lib/gcc/arm-none-eabi/7.3.1/../../../../arm-none-eabi/lib/thumb/v7e-m/fpv5/hard\libnosys.a
END GROUP
START GROUP
LOAD c:/st/stm32cubeide_1.4.0/stm32cubeide/plugins/com.st.stm32cube.ide.mcu.externaltools.gnu-tools-for-stm32.7-2018-q2-update.win32_1.4.0.202007081208/tools/bin/../lib/gcc/arm-none-eabi/7.3.1/thumb/v7e-m/fpv5/hard\libgcc.a
LOAD c:/st/stm32cubeide_1.4.0/stm32cubeide/plugins/com.st.stm32cube.ide.mcu.externaltools.gnu-tools-for-stm32.7-2018-q2-update.win32_1.4.0.202007081208/tools/bin/../lib/gcc/arm-none-eabi/7.3.1/../../../../arm-none-eabi/lib/thumb/v7e-m/fpv5/hard\libc_nano.a
LOAD c:/st/stm32cubeide_1.4.0/stm32cubeide/plugins/com.st.stm32cube.ide.mcu.externaltools.gnu-tools-for-stm32.7-2018-q2-update.win32_1.4.0.202007081208/tools/bin/../lib/gcc/arm-none-eabi/7.3.1/../../../../arm-none-eabi/lib/thumb/v7e-m/fpv5/hard\libnosys.a
END GROUP
LOAD c:/st/stm32cubeide_1.4.0/stm32cubeide/plugins/com.st.stm32cube.ide.mcu.externaltools.gnu-tools-for-stm32.7-2018-q2-update.win32_1.4.0.202007081208/tools/bin/../lib/gcc/arm-none-eabi/7.3.1/thumb/v7e-m/fpv5/hard/crtend.o
LOAD c:/st/stm32cubeide_1.4.0/stm32cubeide/plugins/com.st.stm32cube.ide.mcu.externaltools.gnu-tools-for-stm32.7-2018-q2-update.win32_1.4.0.202007081208/tools/bin/../lib/gcc/arm-none-eabi/7.3.1/thumb/v7e-m/fpv5/hard/crtn.o
                0x0000000024080000                _estack = (ORIGIN (RAM_D1) + LENGTH (RAM_D1))
                0x0000000000000200                _Min_Heap_Size = 0x200
                0x0000000000000400                _Min_Stack_Size = 0x400

.isr_vector     0x0000000008000000      0x298
                0x0000000008000000                . = ALIGN (0x4)
 *(.isr_vector)
 .isr_vector    0x0000000008000000      0x298 Core/Startup/startup_stm32h743zitx.o
                0x0000000008000000                g_pfnVectors
                0x0000000008000298                . = ALIGN (0x4)

.text           0x00000000080002a0     0xb0e4
                0x00000000080002a0                . = ALIGN (0x4)
 *(.text)
 .text          0x00000000080002a0       0x40 c:/st/stm32cubeide_1.4.0/stm32cubeide/plugins/com.st.stm32cube.ide.mcu.externaltools.gnu-tools-for-stm32.7-2018-q2-update.win32_1.4.0.202007081208/tools/bin/../lib/gcc/arm-none-eabi/7.3.1/thumb/v7e-m/fpv5/hard/crtbegin.o
 .text          0x00000000080002e0       0x30 c:/st/stm32cubeide_1.4.0/stm32cubeide/plugins/com.st.stm32cube.ide.mcu.externaltools.gnu-tools-for-stm32.7-2018-q2-update.win32_1.4.0.202007081208/tools/bin/../lib/gcc/arm-none-eabi/7.3.1/thumb/v7e-m/fpv5/hard\libgcc.a(_aeabi_uldivmod.o)
                0x00000000080002e0                __aeabi_uldivmod
 .text          0x0000000008000310      0x2cc c:/st/stm32cubeide_1.4.0/stm32cubeide/plugins/com.st.stm32cube.ide.mcu.externaltools.gnu-tools-for-stm32.7-2018-q2-update.win32_1.4.0.202007081208/tools/bin/../lib/gcc/arm-none-eabi/7.3.1/thumb/v7e-m/fpv5/hard\libgcc.a(_udivmoddi4.o)
                0x0000000008000310                __udivmoddi4
 .text          0x00000000080005dc        0x4 c:/st/stm32cubeide_1.4.0/stm32cubeide/plugins/com.st.stm32cube.ide.mcu.externaltools.gnu-tools-for-stm32.7-2018-q2-update.win32_1.4.0.202007081208/tools/bin/../lib/gcc/arm-none-eabi/7.3.1/thumb/v7e-m/fpv5/hard\libgcc.a(_dvmd_tls.o)
                0x00000000080005dc                __aeabi_idiv0
                0x00000000080005dc                __aeabi_ldiv0
 *(.text*)
 .text.main     0x00000000080005e0       0xb4 Core/Src/main.o
                0x00000000080005e0                main
 .text.SystemClock_Config
                0x0000000008000694      0x194 Core/Src/main.o
                0x0000000008000694                SystemClock_Config
 .text.MX_ETH_Init
                0x0000000008000828       0xa4 Core/Src/main.o
 .text.MX_I2C1_Init
                0x00000000080008cc       0x80 Core/Src/main.o
 .text.MX_SPI4_Init
                0x000000000800094c       0xb0 Core/Src/main.o
 .text.MX_UART7_Init
                0x00000000080009fc       0x9c Core/Src/main.o
 .text.MX_USART2_UART_Init
                0x0000000008000a98       0x9c Core/Src/main.o
 .text.MX_USART3_UART_Init
                0x0000000008000b34       0x98 Core/Src/main.o
 .text.MX_USB_OTG_FS_PCD_Init
                0x0000000008000bcc       0x64 Core/Src/main.o
 .text.MX_GPIO_Init
                0x0000000008000c30      0x1d8 Core/Src/main.o
 .text.SPI_E_ReadReg
                0x0000000008000e08       0x60 Core/Src/main.o
                0x0000000008000e08                SPI_E_ReadReg
 .text.SPI_E_WriteReg
                0x0000000008000e68       0x60 Core/Src/main.o
                0x0000000008000e68                SPI_E_WriteReg
 .text.startUpMouse
                0x0000000008000ec8      0x198 Core/Src/main.o
                0x0000000008000ec8                startUpMouse
 .text.readMouseSensor
                0x0000000008001060       0xd8 Core/Src/main.o
                0x0000000008001060                readMouseSensor
 .text.StartControlTask
                0x0000000008001138       0x20 Core/Src/main.o
                0x0000000008001138                StartControlTask
 .text.StartCommBoard
                0x0000000008001158      0x12c Core/Src/main.o
                0x0000000008001158                StartCommBoard
 .text.StartSensorRead
                0x0000000008001284       0x20 Core/Src/main.o
                0x0000000008001284                StartSensorRead
 .text.StartSafety
                0x00000000080012a4       0x20 Core/Src/main.o
                0x00000000080012a4                StartSafety
 .text.HAL_TIM_PeriodElapsedCallback
                0x00000000080012c4       0x24 Core/Src/main.o
                0x00000000080012c4                HAL_TIM_PeriodElapsedCallback
 .text.Error_Handler
                0x00000000080012e8        0xe Core/Src/main.o
                0x00000000080012e8                Error_Handler
 *fill*         0x00000000080012f6        0x2 
 .text.HAL_MspInit
                0x00000000080012f8       0x34 Core/Src/stm32h7xx_hal_msp.o
                0x00000000080012f8                HAL_MspInit
 .text.HAL_ETH_MspInit
                0x000000000800132c      0x19c Core/Src/stm32h7xx_hal_msp.o
                0x000000000800132c                HAL_ETH_MspInit
 .text.HAL_I2C_MspInit
                0x00000000080014c8       0x94 Core/Src/stm32h7xx_hal_msp.o
                0x00000000080014c8                HAL_I2C_MspInit
 .text.HAL_SPI_MspInit
                0x000000000800155c       0x94 Core/Src/stm32h7xx_hal_msp.o
                0x000000000800155c                HAL_SPI_MspInit
 .text.HAL_UART_MspInit
                0x00000000080015f0      0x170 Core/Src/stm32h7xx_hal_msp.o
                0x00000000080015f0                HAL_UART_MspInit
 .text.HAL_PCD_MspInit
                0x0000000008001760       0xb0 Core/Src/stm32h7xx_hal_msp.o
                0x0000000008001760                HAL_PCD_MspInit
 .text.HAL_InitTick
                0x0000000008001810       0xb4 Core/Src/stm32h7xx_hal_timebase_tim.o
                0x0000000008001810                HAL_InitTick
 .text.NMI_Handler
                0x00000000080018c4        0xe Core/Src/stm32h7xx_it.o
                0x00000000080018c4                NMI_Handler
 .text.HardFault_Handler
                0x00000000080018d2        0x6 Core/Src/stm32h7xx_it.o
                0x00000000080018d2                HardFault_Handler
 .text.MemManage_Handler
                0x00000000080018d8        0x6 Core/Src/stm32h7xx_it.o
                0x00000000080018d8                MemManage_Handler
 .text.BusFault_Handler
                0x00000000080018de        0x6 Core/Src/stm32h7xx_it.o
                0x00000000080018de                BusFault_Handler
 .text.UsageFault_Handler
                0x00000000080018e4        0x6 Core/Src/stm32h7xx_it.o
                0x00000000080018e4                UsageFault_Handler
 .text.DebugMon_Handler
                0x00000000080018ea        0xe Core/Src/stm32h7xx_it.o
                0x00000000080018ea                DebugMon_Handler
 .text.TIM6_DAC_IRQHandler
                0x00000000080018f8       0x14 Core/Src/stm32h7xx_it.o
                0x00000000080018f8                TIM6_DAC_IRQHandler
 .text.SystemInit
                0x000000000800190c      0x118 Core/Src/system_stm32h7xx.o
                0x000000000800190c                SystemInit
 .text.Reset_Handler
                0x0000000008001a24       0x50 Core/Startup/startup_stm32h743zitx.o
                0x0000000008001a24                Reset_Handler
 .text.Default_Handler
                0x0000000008001a74        0x2 Core/Startup/startup_stm32h743zitx.o
                0x0000000008001a74                RTC_Alarm_IRQHandler
                0x0000000008001a74                EXTI2_IRQHandler
                0x0000000008001a74                TIM8_CC_IRQHandler
                0x0000000008001a74                HRTIM1_Master_IRQHandler
                0x0000000008001a74                UART8_IRQHandler
                0x0000000008001a74                SPI4_IRQHandler
                0x0000000008001a74                TIM1_CC_IRQHandler
                0x0000000008001a74                BDMA_Channel6_IRQHandler
                0x0000000008001a74                DMA2_Stream5_IRQHandler
                0x0000000008001a74                HRTIM1_FLT_IRQHandler
                0x0000000008001a74                JPEG_IRQHandler
                0x0000000008001a74                DMA1_Stream5_IRQHandler
                0x0000000008001a74                BDMA_Channel1_IRQHandler
                0x0000000008001a74                HRTIM1_TIMD_IRQHandler
                0x0000000008001a74                TAMP_STAMP_IRQHandler
                0x0000000008001a74                EXTI3_IRQHandler
                0x0000000008001a74                LPTIM4_IRQHandler
                0x0000000008001a74                TIM8_TRG_COM_TIM14_IRQHandler
                0x0000000008001a74                LPTIM2_IRQHandler
                0x0000000008001a74                DFSDM1_FLT1_IRQHandler
                0x0000000008001a74                DMAMUX2_OVR_IRQHandler
                0x0000000008001a74                TIM8_UP_TIM13_IRQHandler
                0x0000000008001a74                I2C3_ER_IRQHandler
                0x0000000008001a74                DFSDM1_FLT2_IRQHandler
                0x0000000008001a74                MDMA_IRQHandler
                0x0000000008001a74                LPTIM3_IRQHandler
                0x0000000008001a74                HSEM1_IRQHandler
                0x0000000008001a74                EXTI0_IRQHandler
                0x0000000008001a74                I2C2_EV_IRQHandler
                0x0000000008001a74                DMA1_Stream2_IRQHandler
                0x0000000008001a74                FPU_IRQHandler
                0x0000000008001a74                OTG_HS_WKUP_IRQHandler
                0x0000000008001a74                FDCAN1_IT1_IRQHandler
                0x0000000008001a74                LTDC_ER_IRQHandler
                0x0000000008001a74                DMA2_Stream2_IRQHandler
                0x0000000008001a74                HRTIM1_TIME_IRQHandler
                0x0000000008001a74                SPI1_IRQHandler
                0x0000000008001a74                DCMI_IRQHandler
                0x0000000008001a74                HRTIM1_TIMC_IRQHandler
                0x0000000008001a74                DMA2_Stream3_IRQHandler
                0x0000000008001a74                SAI2_IRQHandler
                0x0000000008001a74                DFSDM1_FLT3_IRQHandler
                0x0000000008001a74                USART6_IRQHandler
                0x0000000008001a74                TIM17_IRQHandler
                0x0000000008001a74                USART3_IRQHandler
                0x0000000008001a74                BDMA_Channel7_IRQHandler
                0x0000000008001a74                LPTIM5_IRQHandler
                0x0000000008001a74                UART5_IRQHandler
                0x0000000008001a74                ADC3_IRQHandler
                0x0000000008001a74                DMA2_Stream0_IRQHandler
                0x0000000008001a74                TIM4_IRQHandler
                0x0000000008001a74                BDMA_Channel2_IRQHandler
                0x0000000008001a74                QUADSPI_IRQHandler
                0x0000000008001a74                I2C1_EV_IRQHandler
                0x0000000008001a74                DMA1_Stream6_IRQHandler
                0x0000000008001a74                DMAMUX1_OVR_IRQHandler
                0x0000000008001a74                DMA1_Stream1_IRQHandler
                0x0000000008001a74                TIM16_IRQHandler
                0x0000000008001a74                UART4_IRQHandler
                0x0000000008001a74                BDMA_Channel5_IRQHandler
                0x0000000008001a74                TIM3_IRQHandler
                0x0000000008001a74                RCC_IRQHandler
                0x0000000008001a74                TIM8_BRK_TIM12_IRQHandler
                0x0000000008001a74                TIM1_TRG_COM_IRQHandler
                0x0000000008001a74                Default_Handler
                0x0000000008001a74                ECC_IRQHandler
                0x0000000008001a74                CEC_IRQHandler
                0x0000000008001a74                EXTI15_10_IRQHandler
                0x0000000008001a74                BDMA_Channel0_IRQHandler
                0x0000000008001a74                ADC_IRQHandler
                0x0000000008001a74                DMA1_Stream7_IRQHandler
                0x0000000008001a74                HRTIM1_TIMA_IRQHandler
                0x0000000008001a74                SPI5_IRQHandler
                0x0000000008001a74                TIM7_IRQHandler
                0x0000000008001a74                SDMMC1_IRQHandler
                0x0000000008001a74                TIM5_IRQHandler
                0x0000000008001a74                DMA2_Stream7_IRQHandler
                0x0000000008001a74                TIM15_IRQHandler
                0x0000000008001a74                PVD_AVD_IRQHandler
                0x0000000008001a74                I2C3_EV_IRQHandler
                0x0000000008001a74                EXTI9_5_IRQHandler
                0x0000000008001a74                RTC_WKUP_IRQHandler
                0x0000000008001a74                LTDC_IRQHandler
                0x0000000008001a74                SAI3_IRQHandler
                0x0000000008001a74                ETH_WKUP_IRQHandler
                0x0000000008001a74                SPDIF_RX_IRQHandler
                0x0000000008001a74                SPI2_IRQHandler
                0x0000000008001a74                OTG_HS_EP1_IN_IRQHandler
                0x0000000008001a74                DMA1_Stream0_IRQHandler
                0x0000000008001a74                CRS_IRQHandler
                0x0000000008001a74                EXTI4_IRQHandler
                0x0000000008001a74                RNG_IRQHandler
                0x0000000008001a74                HRTIM1_TIMB_IRQHandler
                0x0000000008001a74                FDCAN2_IT1_IRQHandler
                0x0000000008001a74                ETH_IRQHandler
                0x0000000008001a74                TIM1_UP_IRQHandler
                0x0000000008001a74                BDMA_Channel4_IRQHandler
                0x0000000008001a74                OTG_HS_EP1_OUT_IRQHandler
                0x0000000008001a74                WWDG_IRQHandler
                0x0000000008001a74                SPI6_IRQHandler
                0x0000000008001a74                MDIOS_IRQHandler
                0x0000000008001a74                I2C4_EV_IRQHandler
                0x0000000008001a74                FDCAN2_IT0_IRQHandler
                0x0000000008001a74                LPUART1_IRQHandler
                0x0000000008001a74                FDCAN1_IT0_IRQHandler
                0x0000000008001a74                TIM2_IRQHandler
                0x0000000008001a74                OTG_FS_WKUP_IRQHandler
                0x0000000008001a74                OTG_HS_IRQHandler
                0x0000000008001a74                DMA2D_IRQHandler
                0x0000000008001a74                TIM1_BRK_IRQHandler
                0x0000000008001a74                EXTI1_IRQHandler
                0x0000000008001a74                SDMMC2_IRQHandler
                0x0000000008001a74                OTG_FS_EP1_OUT_IRQHandler
                0x0000000008001a74                BDMA_Channel3_IRQHandler
                0x0000000008001a74                UART7_IRQHandler
                0x0000000008001a74                MDIOS_WKUP_IRQHandler
                0x0000000008001a74                USART2_IRQHandler
                0x0000000008001a74                DFSDM1_FLT0_IRQHandler
                0x0000000008001a74                SAI4_IRQHandler
                0x0000000008001a74                I2C2_ER_IRQHandler
                0x0000000008001a74                DMA2_Stream1_IRQHandler
                0x0000000008001a74                FLASH_IRQHandler
                0x0000000008001a74                DMA2_Stream4_IRQHandler
                0x0000000008001a74                USART1_IRQHandler
                0x0000000008001a74                OTG_FS_IRQHandler
                0x0000000008001a74                SPI3_IRQHandler
                0x0000000008001a74                WAKEUP_PIN_IRQHandler
                0x0000000008001a74                DMA1_Stream4_IRQHandler
                0x0000000008001a74                OTG_FS_EP1_IN_IRQHandler
                0x0000000008001a74                I2C1_ER_IRQHandler
                0x0000000008001a74                FMC_IRQHandler
                0x0000000008001a74                FDCAN_CAL_IRQHandler
                0x0000000008001a74                SWPMI1_IRQHandler
                0x0000000008001a74                COMP1_IRQHandler
                0x0000000008001a74                LPTIM1_IRQHandler
                0x0000000008001a74                I2C4_ER_IRQHandler
                0x0000000008001a74                DMA2_Stream6_IRQHandler
                0x0000000008001a74                SAI1_IRQHandler
                0x0000000008001a74                DMA1_Stream3_IRQHandler
 *fill*         0x0000000008001a76        0x2 
 .text.HAL_Init
                0x0000000008001a78       0x78 Drivers/STM32H7xx_HAL_Driver/Src/stm32h7xx_hal.o
                0x0000000008001a78                HAL_Init
 .text.HAL_IncTick
                0x0000000008001af0       0x28 Drivers/STM32H7xx_HAL_Driver/Src/stm32h7xx_hal.o
                0x0000000008001af0                HAL_IncTick
 .text.HAL_GetTick
                0x0000000008001b18       0x18 Drivers/STM32H7xx_HAL_Driver/Src/stm32h7xx_hal.o
                0x0000000008001b18                HAL_GetTick
 .text.HAL_Delay
                0x0000000008001b30       0x44 Drivers/STM32H7xx_HAL_Driver/Src/stm32h7xx_hal.o
                0x0000000008001b30                HAL_Delay
 .text.HAL_GetREVID
                0x0000000008001b74       0x18 Drivers/STM32H7xx_HAL_Driver/Src/stm32h7xx_hal.o
                0x0000000008001b74                HAL_GetREVID
 .text.HAL_SYSCFG_ETHInterfaceSelect
                0x0000000008001b8c       0x28 Drivers/STM32H7xx_HAL_Driver/Src/stm32h7xx_hal.o
                0x0000000008001b8c                HAL_SYSCFG_ETHInterfaceSelect
 .text.__NVIC_SetPriorityGrouping
                0x0000000008001bb4       0x48 Drivers/STM32H7xx_HAL_Driver/Src/stm32h7xx_hal_cortex.o
 .text.__NVIC_GetPriorityGrouping
                0x0000000008001bfc       0x1c Drivers/STM32H7xx_HAL_Driver/Src/stm32h7xx_hal_cortex.o
 .text.__NVIC_EnableIRQ
                0x0000000008001c18       0x3c Drivers/STM32H7xx_HAL_Driver/Src/stm32h7xx_hal_cortex.o
 .text.__NVIC_SetPriority
                0x0000000008001c54       0x54 Drivers/STM32H7xx_HAL_Driver/Src/stm32h7xx_hal_cortex.o
 .text.NVIC_EncodePriority
                0x0000000008001ca8       0x66 Drivers/STM32H7xx_HAL_Driver/Src/stm32h7xx_hal_cortex.o
 .text.HAL_NVIC_SetPriorityGrouping
                0x0000000008001d0e       0x16 Drivers/STM32H7xx_HAL_Driver/Src/stm32h7xx_hal_cortex.o
                0x0000000008001d0e                HAL_NVIC_SetPriorityGrouping
 .text.HAL_NVIC_SetPriority
                0x0000000008001d24       0x34 Drivers/STM32H7xx_HAL_Driver/Src/stm32h7xx_hal_cortex.o
                0x0000000008001d24                HAL_NVIC_SetPriority
 .text.HAL_NVIC_EnableIRQ
                0x0000000008001d58       0x1c Drivers/STM32H7xx_HAL_Driver/Src/stm32h7xx_hal_cortex.o
                0x0000000008001d58                HAL_NVIC_EnableIRQ
 .text.HAL_ETH_Init
                0x0000000008001d74      0x1b4 Drivers/STM32H7xx_HAL_Driver/Src/stm32h7xx_hal_eth.o
                0x0000000008001d74                HAL_ETH_Init
 .text.ETH_SetMACConfig
                0x0000000008001f28      0x238 Drivers/STM32H7xx_HAL_Driver/Src/stm32h7xx_hal_eth.o
 .text.ETH_SetDMAConfig
                0x0000000008002160      0x10c Drivers/STM32H7xx_HAL_Driver/Src/stm32h7xx_hal_eth.o
 .text.ETH_MACDMAConfig
                0x000000000800226c      0x13a Drivers/STM32H7xx_HAL_Driver/Src/stm32h7xx_hal_eth.o
 *fill*         0x00000000080023a6        0x2 
 .text.ETH_MAC_MDIO_ClkConfig
                0x00000000080023a8       0xb0 Drivers/STM32H7xx_HAL_Driver/Src/stm32h7xx_hal_eth.o
 .text.ETH_DMATxDescListInit
                0x0000000008002458       0x8e Drivers/STM32H7xx_HAL_Driver/Src/stm32h7xx_hal_eth.o
 .text.ETH_DMARxDescListInit
                0x00000000080024e6       0xba Drivers/STM32H7xx_HAL_Driver/Src/stm32h7xx_hal_eth.o
 .text.HAL_GPIO_Init
                0x00000000080025a0      0x360 Drivers/STM32H7xx_HAL_Driver/Src/stm32h7xx_hal_gpio.o
                0x00000000080025a0                HAL_GPIO_Init
 .text.HAL_GPIO_WritePin
                0x0000000008002900       0x32 Drivers/STM32H7xx_HAL_Driver/Src/stm32h7xx_hal_gpio.o
                0x0000000008002900                HAL_GPIO_WritePin
 .text.HAL_GPIO_TogglePin
                0x0000000008002932       0x36 Drivers/STM32H7xx_HAL_Driver/Src/stm32h7xx_hal_gpio.o
                0x0000000008002932                HAL_GPIO_TogglePin
 .text.HAL_I2C_Init
                0x0000000008002968      0x120 Drivers/STM32H7xx_HAL_Driver/Src/stm32h7xx_hal_i2c.o
                0x0000000008002968                HAL_I2C_Init
 .text.HAL_I2C_Slave_Transmit
                0x0000000008002a88      0x212 Drivers/STM32H7xx_HAL_Driver/Src/stm32h7xx_hal_i2c.o
                0x0000000008002a88                HAL_I2C_Slave_Transmit
 .text.I2C_Flush_TXDR
                0x0000000008002c9a       0x48 Drivers/STM32H7xx_HAL_Driver/Src/stm32h7xx_hal_i2c.o
 .text.I2C_WaitOnFlagUntilTimeout
                0x0000000008002ce2       0x80 Drivers/STM32H7xx_HAL_Driver/Src/stm32h7xx_hal_i2c.o
 .text.I2C_WaitOnTXISFlagUntilTimeout
                0x0000000008002d62       0x80 Drivers/STM32H7xx_HAL_Driver/Src/stm32h7xx_hal_i2c.o
 .text.I2C_WaitOnSTOPFlagUntilTimeout
                0x0000000008002de2       0x78 Drivers/STM32H7xx_HAL_Driver/Src/stm32h7xx_hal_i2c.o
 *fill*         0x0000000008002e5a        0x2 
 .text.I2C_IsAcknowledgeFailed
                0x0000000008002e5c       0xcc Drivers/STM32H7xx_HAL_Driver/Src/stm32h7xx_hal_i2c.o
 .text.HAL_I2CEx_ConfigAnalogFilter
                0x0000000008002f28       0x96 Drivers/STM32H7xx_HAL_Driver/Src/stm32h7xx_hal_i2c_ex.o
                0x0000000008002f28                HAL_I2CEx_ConfigAnalogFilter
 .text.HAL_I2CEx_ConfigDigitalFilter
                0x0000000008002fbe       0x98 Drivers/STM32H7xx_HAL_Driver/Src/stm32h7xx_hal_i2c_ex.o
                0x0000000008002fbe                HAL_I2CEx_ConfigDigitalFilter
 .text.HAL_PCD_Init
                0x0000000008003056      0x248 Drivers/STM32H7xx_HAL_Driver/Src/stm32h7xx_hal_pcd.o
                0x0000000008003056                HAL_PCD_Init
 *fill*         0x000000000800329e        0x2 
 .text.HAL_PCDEx_ActivateLPM
                0x00000000080032a0       0x48 Drivers/STM32H7xx_HAL_Driver/Src/stm32h7xx_hal_pcd_ex.o
                0x00000000080032a0                HAL_PCDEx_ActivateLPM
 .text.HAL_PWREx_ConfigSupply
                0x00000000080032e8       0x74 Drivers/STM32H7xx_HAL_Driver/Src/stm32h7xx_hal_pwr_ex.o
                0x00000000080032e8                HAL_PWREx_ConfigSupply
 .text.HAL_PWREx_EnableUSBVoltageDetector
                0x000000000800335c       0x20 Drivers/STM32H7xx_HAL_Driver/Src/stm32h7xx_hal_pwr_ex.o
                0x000000000800335c                HAL_PWREx_EnableUSBVoltageDetector
 .text.HAL_RCC_OscConfig
                0x000000000800337c      0x820 Drivers/STM32H7xx_HAL_Driver/Src/stm32h7xx_hal_rcc.o
                0x000000000800337c                HAL_RCC_OscConfig
 .text.HAL_RCC_ClockConfig
                0x0000000008003b9c      0x36c Drivers/STM32H7xx_HAL_Driver/Src/stm32h7xx_hal_rcc.o
                0x0000000008003b9c                HAL_RCC_ClockConfig
 .text.HAL_RCC_GetSysClockFreq
                0x0000000008003f08      0x2e4 Drivers/STM32H7xx_HAL_Driver/Src/stm32h7xx_hal_rcc.o
                0x0000000008003f08                HAL_RCC_GetSysClockFreq
 .text.HAL_RCC_GetHCLKFreq
                0x00000000080041ec       0x60 Drivers/STM32H7xx_HAL_Driver/Src/stm32h7xx_hal_rcc.o
                0x00000000080041ec                HAL_RCC_GetHCLKFreq
 .text.HAL_RCC_GetPCLK1Freq
                0x000000000800424c       0x2c Drivers/STM32H7xx_HAL_Driver/Src/stm32h7xx_hal_rcc.o
                0x000000000800424c                HAL_RCC_GetPCLK1Freq
 .text.HAL_RCC_GetPCLK2Freq
                0x0000000008004278       0x2c Drivers/STM32H7xx_HAL_Driver/Src/stm32h7xx_hal_rcc.o
                0x0000000008004278                HAL_RCC_GetPCLK2Freq
 .text.HAL_RCC_GetClockConfig
                0x00000000080042a4       0x84 Drivers/STM32H7xx_HAL_Driver/Src/stm32h7xx_hal_rcc.o
                0x00000000080042a4                HAL_RCC_GetClockConfig
 .text.HAL_RCCEx_PeriphCLKConfig
                0x0000000008004328      0xddc Drivers/STM32H7xx_HAL_Driver/Src/stm32h7xx_hal_rcc_ex.o
                0x0000000008004328                HAL_RCCEx_PeriphCLKConfig
 .text.HAL_RCCEx_GetD3PCLK1Freq
                0x0000000008005104       0x2c Drivers/STM32H7xx_HAL_Driver/Src/stm32h7xx_hal_rcc_ex.o
                0x0000000008005104                HAL_RCCEx_GetD3PCLK1Freq
 .text.HAL_RCCEx_GetPLL2ClockFreq
                0x0000000008005130      0x298 Drivers/STM32H7xx_HAL_Driver/Src/stm32h7xx_hal_rcc_ex.o
                0x0000000008005130                HAL_RCCEx_GetPLL2ClockFreq
 .text.HAL_RCCEx_GetPLL3ClockFreq
                0x00000000080053c8      0x298 Drivers/STM32H7xx_HAL_Driver/Src/stm32h7xx_hal_rcc_ex.o
                0x00000000080053c8                HAL_RCCEx_GetPLL3ClockFreq
 .text.RCCEx_PLL2_Config
                0x0000000008005660      0x164 Drivers/STM32H7xx_HAL_Driver/Src/stm32h7xx_hal_rcc_ex.o
 .text.RCCEx_PLL3_Config
                0x00000000080057c4      0x164 Drivers/STM32H7xx_HAL_Driver/Src/stm32h7xx_hal_rcc_ex.o
 .text.HAL_SPI_Init
                0x0000000008005928      0x1f0 Drivers/STM32H7xx_HAL_Driver/Src/stm32h7xx_hal_spi.o
                0x0000000008005928                HAL_SPI_Init
 .text.HAL_SPI_Transmit
                0x0000000008005b18      0x3e4 Drivers/STM32H7xx_HAL_Driver/Src/stm32h7xx_hal_spi.o
                0x0000000008005b18                HAL_SPI_Transmit
 .text.HAL_SPI_Receive
                0x0000000008005efc      0x3e4 Drivers/STM32H7xx_HAL_Driver/Src/stm32h7xx_hal_spi.o
                0x0000000008005efc                HAL_SPI_Receive
 .text.HAL_SPI_TransmitReceive
                0x00000000080062e0      0x5d8 Drivers/STM32H7xx_HAL_Driver/Src/stm32h7xx_hal_spi.o
                0x00000000080062e0                HAL_SPI_TransmitReceive
 .text.SPI_CloseTransfer
                0x00000000080068b8      0x140 Drivers/STM32H7xx_HAL_Driver/Src/stm32h7xx_hal_spi.o
 .text.SPI_WaitOnFlagUntilTimeout
                0x00000000080069f8       0x5c Drivers/STM32H7xx_HAL_Driver/Src/stm32h7xx_hal_spi.o
 .text.SPI_GetPacketSize
                0x0000000008006a54       0x36 Drivers/STM32H7xx_HAL_Driver/Src/stm32h7xx_hal_spi.o
 .text.HAL_TIM_Base_Init
                0x0000000008006a8a       0xae Drivers/STM32H7xx_HAL_Driver/Src/stm32h7xx_hal_tim.o
                0x0000000008006a8a                HAL_TIM_Base_Init
 .text.HAL_TIM_Base_MspInit
                0x0000000008006b38       0x14 Drivers/STM32H7xx_HAL_Driver/Src/stm32h7xx_hal_tim.o
                0x0000000008006b38                HAL_TIM_Base_MspInit
 .text.HAL_TIM_Base_Start_IT
                0x0000000008006b4c       0x6c Drivers/STM32H7xx_HAL_Driver/Src/stm32h7xx_hal_tim.o
                0x0000000008006b4c                HAL_TIM_Base_Start_IT
 .text.HAL_TIM_IRQHandler
                0x0000000008006bb8      0x23e Drivers/STM32H7xx_HAL_Driver/Src/stm32h7xx_hal_tim.o
                0x0000000008006bb8                HAL_TIM_IRQHandler
 .text.HAL_TIM_OC_DelayElapsedCallback
                0x0000000008006df6       0x14 Drivers/STM32H7xx_HAL_Driver/Src/stm32h7xx_hal_tim.o
                0x0000000008006df6                HAL_TIM_OC_DelayElapsedCallback
 .text.HAL_TIM_IC_CaptureCallback
                0x0000000008006e0a       0x14 Drivers/STM32H7xx_HAL_Driver/Src/stm32h7xx_hal_tim.o
                0x0000000008006e0a                HAL_TIM_IC_CaptureCallback
 .text.HAL_TIM_PWM_PulseFinishedCallback
                0x0000000008006e1e       0x14 Drivers/STM32H7xx_HAL_Driver/Src/stm32h7xx_hal_tim.o
                0x0000000008006e1e                HAL_TIM_PWM_PulseFinishedCallback
 .text.HAL_TIM_TriggerCallback
                0x0000000008006e32       0x14 Drivers/STM32H7xx_HAL_Driver/Src/stm32h7xx_hal_tim.o
                0x0000000008006e32                HAL_TIM_TriggerCallback
 *fill*         0x0000000008006e46        0x2 
 .text.TIM_Base_SetConfig
                0x0000000008006e48      0x134 Drivers/STM32H7xx_HAL_Driver/Src/stm32h7xx_hal_tim.o
                0x0000000008006e48                TIM_Base_SetConfig
 .text.HAL_TIMEx_CommutCallback
                0x0000000008006f7c       0x14 Drivers/STM32H7xx_HAL_Driver/Src/stm32h7xx_hal_tim_ex.o
                0x0000000008006f7c                HAL_TIMEx_CommutCallback
 .text.HAL_TIMEx_BreakCallback
                0x0000000008006f90       0x14 Drivers/STM32H7xx_HAL_Driver/Src/stm32h7xx_hal_tim_ex.o
                0x0000000008006f90                HAL_TIMEx_BreakCallback
 .text.HAL_TIMEx_Break2Callback
                0x0000000008006fa4       0x14 Drivers/STM32H7xx_HAL_Driver/Src/stm32h7xx_hal_tim_ex.o
                0x0000000008006fa4                HAL_TIMEx_Break2Callback
 .text.HAL_UART_Init
                0x0000000008006fb8       0xa0 Drivers/STM32H7xx_HAL_Driver/Src/stm32h7xx_hal_uart.o
                0x0000000008006fb8                HAL_UART_Init
 .text.HAL_HalfDuplex_Init
                0x0000000008007058       0xb0 Drivers/STM32H7xx_HAL_Driver/Src/stm32h7xx_hal_uart.o
                0x0000000008007058                HAL_HalfDuplex_Init
 .text.HAL_UART_Transmit
                0x0000000008007108      0x12c Drivers/STM32H7xx_HAL_Driver/Src/stm32h7xx_hal_uart.o
                0x0000000008007108                HAL_UART_Transmit
 .text.UART_SetConfig
                0x0000000008007234      0xb60 Drivers/STM32H7xx_HAL_Driver/Src/stm32h7xx_hal_uart.o
                0x0000000008007234                UART_SetConfig
 .text.UART_AdvFeatureConfig
                0x0000000008007d94      0x144 Drivers/STM32H7xx_HAL_Driver/Src/stm32h7xx_hal_uart.o
                0x0000000008007d94                UART_AdvFeatureConfig
 .text.UART_CheckIdleState
                0x0000000008007ed8       0x90 Drivers/STM32H7xx_HAL_Driver/Src/stm32h7xx_hal_uart.o
                0x0000000008007ed8                UART_CheckIdleState
 .text.UART_WaitOnFlagUntilTimeout
                0x0000000008007f68      0x100 Drivers/STM32H7xx_HAL_Driver/Src/stm32h7xx_hal_uart.o
                0x0000000008007f68                UART_WaitOnFlagUntilTimeout
 .text.HAL_UARTEx_DisableFifoMode
                0x0000000008008068       0x72 Drivers/STM32H7xx_HAL_Driver/Src/stm32h7xx_hal_uart_ex.o
                0x0000000008008068                HAL_UARTEx_DisableFifoMode
 .text.HAL_UARTEx_SetTxFifoThreshold
                0x00000000080080da       0x7c Drivers/STM32H7xx_HAL_Driver/Src/stm32h7xx_hal_uart_ex.o
                0x00000000080080da                HAL_UARTEx_SetTxFifoThreshold
 .text.HAL_UARTEx_SetRxFifoThreshold
                0x0000000008008156       0x7c Drivers/STM32H7xx_HAL_Driver/Src/stm32h7xx_hal_uart_ex.o
                0x0000000008008156                HAL_UARTEx_SetRxFifoThreshold
 *fill*         0x00000000080081d2        0x2 
 .text.UARTEx_SetNbDataToProcess
                0x00000000080081d4       0xd0 Drivers/STM32H7xx_HAL_Driver/Src/stm32h7xx_hal_uart_ex.o
 .text.USB_CoreInit
                0x00000000080082a4       0xc4 Drivers/STM32H7xx_HAL_Driver/Src/stm32h7xx_ll_usb.o
                0x00000000080082a4                USB_CoreInit
 .text.USB_DisableGlobalInt
                0x0000000008008368       0x22 Drivers/STM32H7xx_HAL_Driver/Src/stm32h7xx_ll_usb.o
                0x0000000008008368                USB_DisableGlobalInt
 .text.USB_SetCurrentMode
                0x000000000800838a       0x54 Drivers/STM32H7xx_HAL_Driver/Src/stm32h7xx_ll_usb.o
                0x000000000800838a                USB_SetCurrentMode
 *fill*         0x00000000080083de        0x2 
 .text.USB_DevInit
                0x00000000080083e0      0x2bc Drivers/STM32H7xx_HAL_Driver/Src/stm32h7xx_ll_usb.o
                0x00000000080083e0                USB_DevInit
 .text.USB_FlushTxFifo
                0x000000000800869c       0x4c Drivers/STM32H7xx_HAL_Driver/Src/stm32h7xx_ll_usb.o
                0x000000000800869c                USB_FlushTxFifo
 .text.USB_FlushRxFifo
                0x00000000080086e8       0x44 Drivers/STM32H7xx_HAL_Driver/Src/stm32h7xx_ll_usb.o
                0x00000000080086e8                USB_FlushRxFifo
 .text.USB_SetDevSpeed
                0x000000000800872c       0x32 Drivers/STM32H7xx_HAL_Driver/Src/stm32h7xx_ll_usb.o
                0x000000000800872c                USB_SetDevSpeed
 .text.USB_DevDisconnect
                0x000000000800875e       0x30 Drivers/STM32H7xx_HAL_Driver/Src/stm32h7xx_ll_usb.o
                0x000000000800875e                USB_DevDisconnect
 *fill*         0x000000000800878e        0x2 
 .text.USB_CoreReset
                0x0000000008008790       0x68 Drivers/STM32H7xx_HAL_Driver/Src/stm32h7xx_ll_usb.o
 .text.SVC_Setup
                0x00000000080087f8        0xe Middlewares/Third_Party/FreeRTOS/Source/CMSIS_RTOS_V2/cmsis_os2.o
 *fill*         0x0000000008008806        0x2 
 .text.osKernelInitialize
                0x0000000008008808       0x68 Middlewares/Third_Party/FreeRTOS/Source/CMSIS_RTOS_V2/cmsis_os2.o
                0x0000000008008808                osKernelInitialize
 .text.osKernelStart
                0x0000000008008870       0x6c Middlewares/Third_Party/FreeRTOS/Source/CMSIS_RTOS_V2/cmsis_os2.o
                0x0000000008008870                osKernelStart
 .text.osKernelGetTickCount
                0x00000000080088dc       0x50 Middlewares/Third_Party/FreeRTOS/Source/CMSIS_RTOS_V2/cmsis_os2.o
                0x00000000080088dc                osKernelGetTickCount
 .text.osThreadNew
                0x000000000800892c      0x14c Middlewares/Third_Party/FreeRTOS/Source/CMSIS_RTOS_V2/cmsis_os2.o
                0x000000000800892c                osThreadNew
 .text.osDelay  0x0000000008008a78       0x5c Middlewares/Third_Party/FreeRTOS/Source/CMSIS_RTOS_V2/cmsis_os2.o
                0x0000000008008a78                osDelay
 .text.vApplicationGetIdleTaskMemory
                0x0000000008008ad4       0x34 Middlewares/Third_Party/FreeRTOS/Source/CMSIS_RTOS_V2/cmsis_os2.o
                0x0000000008008ad4                vApplicationGetIdleTaskMemory
 .text.vApplicationGetTimerTaskMemory
                0x0000000008008b08       0x34 Middlewares/Third_Party/FreeRTOS/Source/CMSIS_RTOS_V2/cmsis_os2.o
                0x0000000008008b08                vApplicationGetTimerTaskMemory
 .text.vListInitialise
                0x0000000008008b3c       0x40 Middlewares/Third_Party/FreeRTOS/Source/list.o
                0x0000000008008b3c                vListInitialise
 .text.vListInitialiseItem
                0x0000000008008b7c       0x1a Middlewares/Third_Party/FreeRTOS/Source/list.o
                0x0000000008008b7c                vListInitialiseItem
 .text.vListInsertEnd
                0x0000000008008b96       0x48 Middlewares/Third_Party/FreeRTOS/Source/list.o
                0x0000000008008b96                vListInsertEnd
 .text.vListInsert
                0x0000000008008bde       0x72 Middlewares/Third_Party/FreeRTOS/Source/list.o
                0x0000000008008bde                vListInsert
 .text.uxListRemove
                0x0000000008008c50       0x54 Middlewares/Third_Party/FreeRTOS/Source/list.o
                0x0000000008008c50                uxListRemove
 .text.xQueueGenericReset
                0x0000000008008ca4       0xd0 Middlewares/Third_Party/FreeRTOS/Source/queue.o
                0x0000000008008ca4                xQueueGenericReset
 .text.xQueueGenericCreateStatic
                0x0000000008008d74       0xe6 Middlewares/Third_Party/FreeRTOS/Source/queue.o
                0x0000000008008d74                xQueueGenericCreateStatic
 .text.prvInitialiseNewQueue
                0x0000000008008e5a       0x46 Middlewares/Third_Party/FreeRTOS/Source/queue.o
 .text.xQueueGenericSend
                0x0000000008008ea0      0x1f4 Middlewares/Third_Party/FreeRTOS/Source/queue.o
                0x0000000008008ea0                xQueueGenericSend
 .text.xQueueGenericSendFromISR
                0x0000000008009094      0x128 Middlewares/Third_Party/FreeRTOS/Source/queue.o
                0x0000000008009094                xQueueGenericSendFromISR
 .text.xQueueReceive
                0x00000000080091bc      0x1b8 Middlewares/Third_Party/FreeRTOS/Source/queue.o
                0x00000000080091bc                xQueueReceive
 .text.prvCopyDataToQueue
                0x0000000008009374       0xd4 Middlewares/Third_Party/FreeRTOS/Source/queue.o
 .text.prvCopyDataFromQueue
                0x0000000008009448       0x4c Middlewares/Third_Party/FreeRTOS/Source/queue.o
 .text.prvUnlockQueue
                0x0000000008009494       0xa4 Middlewares/Third_Party/FreeRTOS/Source/queue.o
 .text.prvIsQueueEmpty
                0x0000000008009538       0x2c Middlewares/Third_Party/FreeRTOS/Source/queue.o
 .text.prvIsQueueFull
                0x0000000008009564       0x30 Middlewares/Third_Party/FreeRTOS/Source/queue.o
 .text.vQueueAddToRegistry
                0x0000000008009594       0x50 Middlewares/Third_Party/FreeRTOS/Source/queue.o
                0x0000000008009594                vQueueAddToRegistry
 .text.vQueueWaitForMessageRestricted
                0x00000000080095e4       0x68 Middlewares/Third_Party/FreeRTOS/Source/queue.o
                0x00000000080095e4                vQueueWaitForMessageRestricted
 .text.xTaskCreateStatic
                0x000000000800964c       0xb4 Middlewares/Third_Party/FreeRTOS/Source/tasks.o
                0x000000000800964c                xTaskCreateStatic
 .text.xTaskCreate
                0x0000000008009700       0x8a Middlewares/Third_Party/FreeRTOS/Source/tasks.o
                0x0000000008009700                xTaskCreate
 .text.prvInitialiseNewTask
                0x000000000800978a      0x11c Middlewares/Third_Party/FreeRTOS/Source/tasks.o
 *fill*         0x00000000080098a6        0x2 
 .text.prvAddNewTaskToReadyList
                0x00000000080098a8       0xe0 Middlewares/Third_Party/FreeRTOS/Source/tasks.o
 .text.vTaskDelay
                0x0000000008009988       0x68 Middlewares/Third_Party/FreeRTOS/Source/tasks.o
                0x0000000008009988                vTaskDelay
 .text.vTaskStartScheduler
                0x00000000080099f0       0xc8 Middlewares/Third_Party/FreeRTOS/Source/tasks.o
                0x00000000080099f0                vTaskStartScheduler
 .text.vTaskSuspendAll
                0x0000000008009ab8       0x1c Middlewares/Third_Party/FreeRTOS/Source/tasks.o
                0x0000000008009ab8                vTaskSuspendAll
 .text.xTaskResumeAll
                0x0000000008009ad4      0x138 Middlewares/Third_Party/FreeRTOS/Source/tasks.o
                0x0000000008009ad4                xTaskResumeAll
 .text.xTaskGetTickCount
                0x0000000008009c0c       0x20 Middlewares/Third_Party/FreeRTOS/Source/tasks.o
                0x0000000008009c0c                xTaskGetTickCount
 .text.xTaskGetTickCountFromISR
                0x0000000008009c2c       0x24 Middlewares/Third_Party/FreeRTOS/Source/tasks.o
                0x0000000008009c2c                xTaskGetTickCountFromISR
 .text.xTaskIncrementTick
                0x0000000008009c50      0x170 Middlewares/Third_Party/FreeRTOS/Source/tasks.o
                0x0000000008009c50                xTaskIncrementTick
 .text.vTaskSwitchContext
                0x0000000008009dc0       0xb8 Middlewares/Third_Party/FreeRTOS/Source/tasks.o
                0x0000000008009dc0                vTaskSwitchContext
 .text.vTaskPlaceOnEventList
                0x0000000008009e78       0x48 Middlewares/Third_Party/FreeRTOS/Source/tasks.o
                0x0000000008009e78                vTaskPlaceOnEventList
 .text.vTaskPlaceOnEventListRestricted
                0x0000000008009ec0       0x54 Middlewares/Third_Party/FreeRTOS/Source/tasks.o
                0x0000000008009ec0                vTaskPlaceOnEventListRestricted
 .text.xTaskRemoveFromEventList
                0x0000000008009f14       0xc4 Middlewares/Third_Party/FreeRTOS/Source/tasks.o
                0x0000000008009f14                xTaskRemoveFromEventList
 .text.vTaskInternalSetTimeOutState
                0x0000000008009fd8       0x2c Middlewares/Third_Party/FreeRTOS/Source/tasks.o
                0x0000000008009fd8                vTaskInternalSetTimeOutState
 .text.xTaskCheckForTimeOut
                0x000000000800a004       0xc0 Middlewares/Third_Party/FreeRTOS/Source/tasks.o
                0x000000000800a004                xTaskCheckForTimeOut
 .text.vTaskMissedYield
                0x000000000800a0c4       0x18 Middlewares/Third_Party/FreeRTOS/Source/tasks.o
                0x000000000800a0c4                vTaskMissedYield
 .text.prvIdleTask
                0x000000000800a0dc       0x30 Middlewares/Third_Party/FreeRTOS/Source/tasks.o
 .text.prvInitialiseTaskLists
                0x000000000800a10c       0x80 Middlewares/Third_Party/FreeRTOS/Source/tasks.o
 .text.prvCheckTasksWaitingTermination
                0x000000000800a18c       0x58 Middlewares/Third_Party/FreeRTOS/Source/tasks.o
 .text.prvDeleteTCB
                0x000000000800a1e4       0x5c Middlewares/Third_Party/FreeRTOS/Source/tasks.o
 .text.prvResetNextTaskUnblockTime
                0x000000000800a240       0x40 Middlewares/Third_Party/FreeRTOS/Source/tasks.o
 .text.xTaskGetSchedulerState
                0x000000000800a280       0x3c Middlewares/Third_Party/FreeRTOS/Source/tasks.o
                0x000000000800a280                xTaskGetSchedulerState
 .text.xTaskPriorityDisinherit
                0x000000000800a2bc       0xd8 Middlewares/Third_Party/FreeRTOS/Source/tasks.o
                0x000000000800a2bc                xTaskPriorityDisinherit
 .text.prvAddCurrentTaskToDelayedList
                0x000000000800a394       0xa8 Middlewares/Third_Party/FreeRTOS/Source/tasks.o
 .text.xTimerCreateTimerTask
                0x000000000800a43c       0x90 Middlewares/Third_Party/FreeRTOS/Source/timers.o
                0x000000000800a43c                xTimerCreateTimerTask
 .text.xTimerGenericCommand
                0x000000000800a4cc       0x98 Middlewares/Third_Party/FreeRTOS/Source/timers.o
                0x000000000800a4cc                xTimerGenericCommand
 .text.prvProcessExpiredTimer
                0x000000000800a564       0x98 Middlewares/Third_Party/FreeRTOS/Source/timers.o
 .text.prvTimerTask
                0x000000000800a5fc       0x24 Middlewares/Third_Party/FreeRTOS/Source/timers.o
 .text.prvProcessTimerOrBlockTask
                0x000000000800a620       0x9c Middlewares/Third_Party/FreeRTOS/Source/timers.o
 .text.prvGetNextExpireTime
                0x000000000800a6bc       0x48 Middlewares/Third_Party/FreeRTOS/Source/timers.o
 .text.prvSampleTimeNow
                0x000000000800a704       0x40 Middlewares/Third_Party/FreeRTOS/Source/timers.o
 .text.prvInsertTimerInActiveList
                0x000000000800a744       0x84 Middlewares/Third_Party/FreeRTOS/Source/timers.o
 .text.prvProcessReceivedCommands
                0x000000000800a7c8      0x1b8 Middlewares/Third_Party/FreeRTOS/Source/timers.o
 .text.prvSwitchTimerLists
                0x000000000800a980       0xc8 Middlewares/Third_Party/FreeRTOS/Source/timers.o
 .text.prvCheckForValidListAndQueue
                0x000000000800aa48       0x80 Middlewares/Third_Party/FreeRTOS/Source/timers.o
 .text.pxPortInitialiseStack
                0x000000000800aac8       0x68 Middlewares/Third_Party/FreeRTOS/Source/portable/GCC/ARM_CM4F/port.o
                0x000000000800aac8                pxPortInitialiseStack
 .text.prvTaskExitError
                0x000000000800ab30       0x54 Middlewares/Third_Party/FreeRTOS/Source/portable/GCC/ARM_CM4F/port.o
 *fill*         0x000000000800ab84        0xc 
 .text.SVC_Handler
                0x000000000800ab90       0x28 Middlewares/Third_Party/FreeRTOS/Source/portable/GCC/ARM_CM4F/port.o
                0x000000000800ab90                SVC_Handler
 .text.prvPortStartFirstTask
                0x000000000800abb8       0x28 Middlewares/Third_Party/FreeRTOS/Source/portable/GCC/ARM_CM4F/port.o
 .text.xPortStartScheduler
                0x000000000800abe0      0x13c Middlewares/Third_Party/FreeRTOS/Source/portable/GCC/ARM_CM4F/port.o
                0x000000000800abe0                xPortStartScheduler
 .text.vPortEnterCritical
                0x000000000800ad1c       0x5c Middlewares/Third_Party/FreeRTOS/Source/portable/GCC/ARM_CM4F/port.o
                0x000000000800ad1c                vPortEnterCritical
 .text.vPortExitCritical
                0x000000000800ad78       0x50 Middlewares/Third_Party/FreeRTOS/Source/portable/GCC/ARM_CM4F/port.o
                0x000000000800ad78                vPortExitCritical
 *fill*         0x000000000800adc8        0x8 
 .text.PendSV_Handler
                0x000000000800add0       0x68 Middlewares/Third_Party/FreeRTOS/Source/portable/GCC/ARM_CM4F/port.o
                0x000000000800add0                PendSV_Handler
 .text.SysTick_Handler
                0x000000000800ae38       0x40 Middlewares/Third_Party/FreeRTOS/Source/portable/GCC/ARM_CM4F/port.o
                0x000000000800ae38                SysTick_Handler
 .text.vPortSetupTimerInterrupt
                0x000000000800ae78       0x48 Middlewares/Third_Party/FreeRTOS/Source/portable/GCC/ARM_CM4F/port.o
                0x000000000800ae78                vPortSetupTimerInterrupt
 .text.vPortEnableVFP
                0x000000000800aec0       0x14 Middlewares/Third_Party/FreeRTOS/Source/portable/GCC/ARM_CM4F/port.o
 .text.vPortValidateInterruptPriority
                0x000000000800aed4       0x7c Middlewares/Third_Party/FreeRTOS/Source/portable/GCC/ARM_CM4F/port.o
                0x000000000800aed4                vPortValidateInterruptPriority
 .text.pvPortMalloc
                0x000000000800af50      0x184 Middlewares/Third_Party/FreeRTOS/Source/portable/MemMang/heap_4.o
                0x000000000800af50                pvPortMalloc
 .text.vPortFree
                0x000000000800b0d4       0xb0 Middlewares/Third_Party/FreeRTOS/Source/portable/MemMang/heap_4.o
                0x000000000800b0d4                vPortFree
 .text.prvHeapInit
                0x000000000800b184       0xc4 Middlewares/Third_Party/FreeRTOS/Source/portable/MemMang/heap_4.o
 .text.prvInsertBlockIntoFreeList
                0x000000000800b248       0xb4 Middlewares/Third_Party/FreeRTOS/Source/portable/MemMang/heap_4.o
 .text.__libc_init_array
                0x000000000800b2fc       0x48 c:/st/stm32cubeide_1.4.0/stm32cubeide/plugins/com.st.stm32cube.ide.mcu.externaltools.gnu-tools-for-stm32.7-2018-q2-update.win32_1.4.0.202007081208/tools/bin/../lib/gcc/arm-none-eabi/7.3.1/../../../../arm-none-eabi/lib/thumb/v7e-m/fpv5/hard\libc_nano.a(lib_a-init.o)
                0x000000000800b2fc                __libc_init_array
 .text.memcpy   0x000000000800b344       0x16 c:/st/stm32cubeide_1.4.0/stm32cubeide/plugins/com.st.stm32cube.ide.mcu.externaltools.gnu-tools-for-stm32.7-2018-q2-update.win32_1.4.0.202007081208/tools/bin/../lib/gcc/arm-none-eabi/7.3.1/../../../../arm-none-eabi/lib/thumb/v7e-m/fpv5/hard\libc_nano.a(lib_a-memcpy-stub.o)
                0x000000000800b344                memcpy
 .text.memset   0x000000000800b35a       0x10 c:/st/stm32cubeide_1.4.0/stm32cubeide/plugins/com.st.stm32cube.ide.mcu.externaltools.gnu-tools-for-stm32.7-2018-q2-update.win32_1.4.0.202007081208/tools/bin/../lib/gcc/arm-none-eabi/7.3.1/../../../../arm-none-eabi/lib/thumb/v7e-m/fpv5/hard\libc_nano.a(lib_a-memset.o)
                0x000000000800b35a                memset
 *(.glue_7)
 .glue_7        0x000000000800b36a        0x0 linker stubs
 *(.glue_7t)
 .glue_7t       0x000000000800b36a        0x0 linker stubs
 *(.eh_frame)
 *fill*         0x000000000800b36a        0x2 
 .eh_frame      0x000000000800b36c        0x0 c:/st/stm32cubeide_1.4.0/stm32cubeide/plugins/com.st.stm32cube.ide.mcu.externaltools.gnu-tools-for-stm32.7-2018-q2-update.win32_1.4.0.202007081208/tools/bin/../lib/gcc/arm-none-eabi/7.3.1/thumb/v7e-m/fpv5/hard/crtbegin.o
 *(.init)
 .init          0x000000000800b36c        0x4 c:/st/stm32cubeide_1.4.0/stm32cubeide/plugins/com.st.stm32cube.ide.mcu.externaltools.gnu-tools-for-stm32.7-2018-q2-update.win32_1.4.0.202007081208/tools/bin/../lib/gcc/arm-none-eabi/7.3.1/thumb/v7e-m/fpv5/hard/crti.o
                0x000000000800b36c                _init
 .init          0x000000000800b370        0x8 c:/st/stm32cubeide_1.4.0/stm32cubeide/plugins/com.st.stm32cube.ide.mcu.externaltools.gnu-tools-for-stm32.7-2018-q2-update.win32_1.4.0.202007081208/tools/bin/../lib/gcc/arm-none-eabi/7.3.1/thumb/v7e-m/fpv5/hard/crtn.o
 *(.fini)
 .fini          0x000000000800b378        0x4 c:/st/stm32cubeide_1.4.0/stm32cubeide/plugins/com.st.stm32cube.ide.mcu.externaltools.gnu-tools-for-stm32.7-2018-q2-update.win32_1.4.0.202007081208/tools/bin/../lib/gcc/arm-none-eabi/7.3.1/thumb/v7e-m/fpv5/hard/crti.o
                0x000000000800b378                _fini
 .fini          0x000000000800b37c        0x8 c:/st/stm32cubeide_1.4.0/stm32cubeide/plugins/com.st.stm32cube.ide.mcu.externaltools.gnu-tools-for-stm32.7-2018-q2-update.win32_1.4.0.202007081208/tools/bin/../lib/gcc/arm-none-eabi/7.3.1/thumb/v7e-m/fpv5/hard/crtn.o
                0x000000000800b384                . = ALIGN (0x4)
                0x000000000800b384                _etext = .

.vfp11_veneer   0x000000000800b384        0x0
 .vfp11_veneer  0x000000000800b384        0x0 linker stubs

.v4_bx          0x000000000800b384        0x0
 .v4_bx         0x000000000800b384        0x0 linker stubs

.iplt           0x000000000800b384        0x0
 .iplt          0x000000000800b384        0x0 c:/st/stm32cubeide_1.4.0/stm32cubeide/plugins/com.st.stm32cube.ide.mcu.externaltools.gnu-tools-for-stm32.7-2018-q2-update.win32_1.4.0.202007081208/tools/bin/../lib/gcc/arm-none-eabi/7.3.1/thumb/v7e-m/fpv5/hard/crtbegin.o

.rodata         0x000000000800b384     0x1270
                0x000000000800b384                . = ALIGN (0x4)
 *(.rodata)
 .rodata        0x000000000800b384      0x18d Core/Src/main.o
 *fill*         0x000000000800b511        0x3 
 .rodata        0x000000000800b514       0x10 Drivers/STM32H7xx_HAL_Driver/Src/stm32h7xx_hal_uart_ex.o
 .rodata        0x000000000800b524        0x5 Middlewares/Third_Party/FreeRTOS/Source/tasks.o
 *fill*         0x000000000800b529        0x3 
 .rodata        0x000000000800b52c        0xd Middlewares/Third_Party/FreeRTOS/Source/timers.o
 *(.rodata*)
 *fill*         0x000000000800b539        0x3 
 .rodata.ControlTask_attributes
                0x000000000800b53c       0x24 Core/Src/main.o
                0x000000000800b53c                ControlTask_attributes
 .rodata.CommBoard_attributes
                0x000000000800b560       0x24 Core/Src/main.o
                0x000000000800b560                CommBoard_attributes
 .rodata.SensorRead_attributes
                0x000000000800b584       0x24 Core/Src/main.o
                0x000000000800b584                SensorRead_attributes
 .rodata.Safety_attributes
                0x000000000800b5a8       0x24 Core/Src/main.o
                0x000000000800b5a8                Safety_attributes
 .rodata.firmware_data
                0x000000000800b5cc      0xffe Core/Src/main.o
                0x000000000800b5cc                firmware_data
 *fill*         0x000000000800c5ca        0x2 
 .rodata.D1CorePrescTable
                0x000000000800c5cc       0x10 Core/Src/system_stm32h7xx.o
                0x000000000800c5cc                D1CorePrescTable
 .rodata.UARTPrescTable
                0x000000000800c5dc       0x18 Drivers/STM32H7xx_HAL_Driver/Src/stm32h7xx_hal_uart.o
                0x000000000800c5dc                UARTPrescTable
                0x000000000800c5f4                . = ALIGN (0x4)

.ARM.extab      0x000000000800c5f4        0x0
                0x000000000800c5f4                . = ALIGN (0x4)
 *(.ARM.extab* .gnu.linkonce.armextab.*)
                0x000000000800c5f4                . = ALIGN (0x4)

.ARM            0x000000000800c5f4        0x8
                0x000000000800c5f4                . = ALIGN (0x4)
                0x000000000800c5f4                __exidx_start = .
 *(.ARM.exidx*)
 .ARM.exidx     0x000000000800c5f4        0x8 c:/st/stm32cubeide_1.4.0/stm32cubeide/plugins/com.st.stm32cube.ide.mcu.externaltools.gnu-tools-for-stm32.7-2018-q2-update.win32_1.4.0.202007081208/tools/bin/../lib/gcc/arm-none-eabi/7.3.1/thumb/v7e-m/fpv5/hard\libgcc.a(_udivmoddi4.o)
                0x000000000800c5fc                __exidx_end = .
                0x000000000800c5fc                . = ALIGN (0x4)

.rel.dyn        0x000000000800c5fc        0x0
 .rel.iplt      0x000000000800c5fc        0x0 c:/st/stm32cubeide_1.4.0/stm32cubeide/plugins/com.st.stm32cube.ide.mcu.externaltools.gnu-tools-for-stm32.7-2018-q2-update.win32_1.4.0.202007081208/tools/bin/../lib/gcc/arm-none-eabi/7.3.1/thumb/v7e-m/fpv5/hard/crtbegin.o

.preinit_array  0x000000000800c5fc        0x0
                0x000000000800c5fc                . = ALIGN (0x4)
                0x000000000800c5fc                PROVIDE (__preinit_array_start = .)
 *(.preinit_array*)
                0x000000000800c5fc                PROVIDE (__preinit_array_end = .)
                0x000000000800c5fc                . = ALIGN (0x4)

.init_array     0x000000000800c5fc        0x4
                0x000000000800c5fc                . = ALIGN (0x4)
                0x000000000800c5fc                PROVIDE (__init_array_start = .)
 *(SORT_BY_NAME(.init_array.*))
 *(.init_array*)
 .init_array    0x000000000800c5fc        0x4 c:/st/stm32cubeide_1.4.0/stm32cubeide/plugins/com.st.stm32cube.ide.mcu.externaltools.gnu-tools-for-stm32.7-2018-q2-update.win32_1.4.0.202007081208/tools/bin/../lib/gcc/arm-none-eabi/7.3.1/thumb/v7e-m/fpv5/hard/crtbegin.o
                0x000000000800c600                PROVIDE (__init_array_end = .)
                0x000000000800c600                . = ALIGN (0x4)

.fini_array     0x000000000800c600        0x4
                0x000000000800c600                . = ALIGN (0x4)
                [!provide]                        PROVIDE (__fini_array_start = .)
 *(SORT_BY_NAME(.fini_array.*))
 *(.fini_array*)
 .fini_array    0x000000000800c600        0x4 c:/st/stm32cubeide_1.4.0/stm32cubeide/plugins/com.st.stm32cube.ide.mcu.externaltools.gnu-tools-for-stm32.7-2018-q2-update.win32_1.4.0.202007081208/tools/bin/../lib/gcc/arm-none-eabi/7.3.1/thumb/v7e-m/fpv5/hard/crtbegin.o
                [!provide]                        PROVIDE (__fini_array_end = .)
                0x000000000800c604                . = ALIGN (0x4)
                0x000000000800c604                _sidata = LOADADDR (.data)

.data           0x0000000024000000       0x14 load address 0x000000000800c604
                0x0000000024000000                . = ALIGN (0x4)
                0x0000000024000000                _sdata = .
 *(.data)
 *(.data*)
 .data.SystemCoreClock
                0x0000000024000000        0x4 Core/Src/system_stm32h7xx.o
                0x0000000024000000                SystemCoreClock
 .data.SystemD2Clock
                0x0000000024000004        0x4 Core/Src/system_stm32h7xx.o
                0x0000000024000004                SystemD2Clock
 .data.uwTickPrio
                0x0000000024000008        0x4 Drivers/STM32H7xx_HAL_Driver/Src/stm32h7xx_hal.o
                0x0000000024000008                uwTickPrio
 .data.uwTickFreq
                0x000000002400000c        0x1 Drivers/STM32H7xx_HAL_Driver/Src/stm32h7xx_hal.o
                0x000000002400000c                uwTickFreq
 *fill*         0x000000002400000d        0x3 
 .data.uxCriticalNesting
                0x0000000024000010        0x4 Middlewares/Third_Party/FreeRTOS/Source/portable/GCC/ARM_CM4F/port.o
                0x0000000024000014                . = ALIGN (0x4)
                0x0000000024000014                _edata = .

.igot.plt       0x0000000024000014        0x0 load address 0x000000000800c618
 .igot.plt      0x0000000024000014        0x0 c:/st/stm32cubeide_1.4.0/stm32cubeide/plugins/com.st.stm32cube.ide.mcu.externaltools.gnu-tools-for-stm32.7-2018-q2-update.win32_1.4.0.202007081208/tools/bin/../lib/gcc/arm-none-eabi/7.3.1/thumb/v7e-m/fpv5/hard/crtbegin.o

.RxDecripSection
                0x0000000024000014       0x60 load address 0x000000000800c618
 .RxDecripSection
                0x0000000024000014       0x60 Core/Src/main.o
                0x0000000024000014                DMARxDscrTab

.TxDecripSection
                0x0000000024000074       0x60 load address 0x000000000800c678
 .TxDecripSection
                0x0000000024000074       0x60 Core/Src/main.o
                0x0000000024000074                DMATxDscrTab
                0x00000000240000d4                . = ALIGN (0x4)

.bss            0x00000000240000d4     0x50e8 load address 0x000000000800c6d8
                0x00000000240000d4                _sbss = .
                0x00000000240000d4                __bss_start__ = _sbss
 *(.bss)
 .bss           0x00000000240000d4       0x1c c:/st/stm32cubeide_1.4.0/stm32cubeide/plugins/com.st.stm32cube.ide.mcu.externaltools.gnu-tools-for-stm32.7-2018-q2-update.win32_1.4.0.202007081208/tools/bin/../lib/gcc/arm-none-eabi/7.3.1/thumb/v7e-m/fpv5/hard/crtbegin.o
 *(.bss*)
 .bss.KernelState
                0x00000000240000f0        0x4 Middlewares/Third_Party/FreeRTOS/Source/CMSIS_RTOS_V2/cmsis_os2.o
 .bss.Idle_TCB  0x00000000240000f4       0x5c Middlewares/Third_Party/FreeRTOS/Source/CMSIS_RTOS_V2/cmsis_os2.o
 .bss.Idle_Stack
                0x0000000024000150      0x200 Middlewares/Third_Party/FreeRTOS/Source/CMSIS_RTOS_V2/cmsis_os2.o
 .bss.Timer_TCB
                0x0000000024000350       0x5c Middlewares/Third_Party/FreeRTOS/Source/CMSIS_RTOS_V2/cmsis_os2.o
 .bss.Timer_Stack
                0x00000000240003ac      0x400 Middlewares/Third_Party/FreeRTOS/Source/CMSIS_RTOS_V2/cmsis_os2.o
 .bss.pxCurrentTCB
                0x00000000240007ac        0x4 Middlewares/Third_Party/FreeRTOS/Source/tasks.o
                0x00000000240007ac                pxCurrentTCB
 .bss.pxReadyTasksLists
                0x00000000240007b0      0x460 Middlewares/Third_Party/FreeRTOS/Source/tasks.o
 .bss.xDelayedTaskList1
                0x0000000024000c10       0x14 Middlewares/Third_Party/FreeRTOS/Source/tasks.o
 .bss.xDelayedTaskList2
                0x0000000024000c24       0x14 Middlewares/Third_Party/FreeRTOS/Source/tasks.o
 .bss.pxDelayedTaskList
                0x0000000024000c38        0x4 Middlewares/Third_Party/FreeRTOS/Source/tasks.o
 .bss.pxOverflowDelayedTaskList
                0x0000000024000c3c        0x4 Middlewares/Third_Party/FreeRTOS/Source/tasks.o
 .bss.xPendingReadyList
                0x0000000024000c40       0x14 Middlewares/Third_Party/FreeRTOS/Source/tasks.o
 .bss.xTasksWaitingTermination
                0x0000000024000c54       0x14 Middlewares/Third_Party/FreeRTOS/Source/tasks.o
 .bss.uxDeletedTasksWaitingCleanUp
                0x0000000024000c68        0x4 Middlewares/Third_Party/FreeRTOS/Source/tasks.o
 .bss.xSuspendedTaskList
                0x0000000024000c6c       0x14 Middlewares/Third_Party/FreeRTOS/Source/tasks.o
 .bss.uxCurrentNumberOfTasks
                0x0000000024000c80        0x4 Middlewares/Third_Party/FreeRTOS/Source/tasks.o
 .bss.xTickCount
                0x0000000024000c84        0x4 Middlewares/Third_Party/FreeRTOS/Source/tasks.o
 .bss.uxTopReadyPriority
                0x0000000024000c88        0x4 Middlewares/Third_Party/FreeRTOS/Source/tasks.o
 .bss.xSchedulerRunning
                0x0000000024000c8c        0x4 Middlewares/Third_Party/FreeRTOS/Source/tasks.o
 .bss.uxPendedTicks
                0x0000000024000c90        0x4 Middlewares/Third_Party/FreeRTOS/Source/tasks.o
 .bss.xYieldPending
                0x0000000024000c94        0x4 Middlewares/Third_Party/FreeRTOS/Source/tasks.o
 .bss.xNumOfOverflows
                0x0000000024000c98        0x4 Middlewares/Third_Party/FreeRTOS/Source/tasks.o
 .bss.uxTaskNumber
                0x0000000024000c9c        0x4 Middlewares/Third_Party/FreeRTOS/Source/tasks.o
 .bss.xNextTaskUnblockTime
                0x0000000024000ca0        0x4 Middlewares/Third_Party/FreeRTOS/Source/tasks.o
 .bss.xIdleTaskHandle
                0x0000000024000ca4        0x4 Middlewares/Third_Party/FreeRTOS/Source/tasks.o
 .bss.uxSchedulerSuspended
                0x0000000024000ca8        0x4 Middlewares/Third_Party/FreeRTOS/Source/tasks.o
 .bss.xActiveTimerList1
                0x0000000024000cac       0x14 Middlewares/Third_Party/FreeRTOS/Source/timers.o
 .bss.xActiveTimerList2
                0x0000000024000cc0       0x14 Middlewares/Third_Party/FreeRTOS/Source/timers.o
 .bss.pxCurrentTimerList
                0x0000000024000cd4        0x4 Middlewares/Third_Party/FreeRTOS/Source/timers.o
 .bss.pxOverflowTimerList
                0x0000000024000cd8        0x4 Middlewares/Third_Party/FreeRTOS/Source/timers.o
 .bss.xTimerQueue
                0x0000000024000cdc        0x4 Middlewares/Third_Party/FreeRTOS/Source/timers.o
 .bss.xTimerTaskHandle
                0x0000000024000ce0        0x4 Middlewares/Third_Party/FreeRTOS/Source/timers.o
 .bss.xLastTime.6741
                0x0000000024000ce4        0x4 Middlewares/Third_Party/FreeRTOS/Source/timers.o
 .bss.ucStaticTimerQueueStorage.6792
                0x0000000024000ce8       0xa0 Middlewares/Third_Party/FreeRTOS/Source/timers.o
 .bss.xStaticTimerQueue.6791
                0x0000000024000d88       0x50 Middlewares/Third_Party/FreeRTOS/Source/timers.o
 .bss.ucMaxSysCallPriority
                0x0000000024000dd8        0x1 Middlewares/Third_Party/FreeRTOS/Source/portable/GCC/ARM_CM4F/port.o
 *fill*         0x0000000024000dd9        0x3 
 .bss.ulMaxPRIGROUPValue
                0x0000000024000ddc        0x4 Middlewares/Third_Party/FreeRTOS/Source/portable/GCC/ARM_CM4F/port.o
 .bss.ucHeap    0x0000000024000de0     0x3c00 Middlewares/Third_Party/FreeRTOS/Source/portable/MemMang/heap_4.o
 .bss.xStart    0x00000000240049e0        0x8 Middlewares/Third_Party/FreeRTOS/Source/portable/MemMang/heap_4.o
 .bss.pxEnd     0x00000000240049e8        0x4 Middlewares/Third_Party/FreeRTOS/Source/portable/MemMang/heap_4.o
 .bss.xFreeBytesRemaining
                0x00000000240049ec        0x4 Middlewares/Third_Party/FreeRTOS/Source/portable/MemMang/heap_4.o
 .bss.xMinimumEverFreeBytesRemaining
                0x00000000240049f0        0x4 Middlewares/Third_Party/FreeRTOS/Source/portable/MemMang/heap_4.o
 .bss.xBlockAllocatedBit
                0x00000000240049f4        0x4 Middlewares/Third_Party/FreeRTOS/Source/portable/MemMang/heap_4.o
 *(COMMON)
 COMMON         0x00000000240049f8      0x734 Core/Src/main.o
                0x00000000240049f8                huart7
                0x0000000024004a84                huart3
                0x0000000024004b10                hi2c1
                0x0000000024004b5c                hpcd_USB_OTG_FS
                0x0000000024004f64                SafetyHandle
                0x0000000024004f68                SensorReadHandle
                0x0000000024004f6c                CommBoardHandle
                0x0000000024004f70                hspi4
                0x0000000024004ff8                huart2
                0x0000000024005084                ControlTaskHandle
                0x0000000024005088                heth
                0x00000000240050f8                TxConfig
 COMMON         0x000000002400512c       0x4c Core/Src/stm32h7xx_hal_timebase_tim.o
                0x000000002400512c                htim6
 COMMON         0x0000000024005178        0x4 Drivers/STM32H7xx_HAL_Driver/Src/stm32h7xx_hal.o
                0x0000000024005178                uwTick
 COMMON         0x000000002400517c       0x40 Middlewares/Third_Party/FreeRTOS/Source/queue.o
                0x000000002400517c                xQueueRegistry
                0x00000000240051bc                . = ALIGN (0x4)
                0x00000000240051bc                _ebss = .
                0x00000000240051bc                __bss_end__ = _ebss

._user_heap_stack
                0x00000000240051bc      0x604 load address 0x000000000800c6d8
                0x00000000240051c0                . = ALIGN (0x8)
 *fill*         0x00000000240051bc        0x4 
                [!provide]                        PROVIDE (end = .)
                0x00000000240051c0                PROVIDE (_end = .)
                0x00000000240053c0                . = (. + _Min_Heap_Size)
 *fill*         0x00000000240051c0      0x200 
                0x00000000240057c0                . = (. + _Min_Stack_Size)
 *fill*         0x00000000240053c0      0x400 
                0x00000000240057c0                . = ALIGN (0x8)

/DISCARD/
 libc.a(*)
 libm.a(*)
 libgcc.a(*)

.ARM.attributes
                0x0000000000000000       0x2e
 *(.ARM.attributes)
 .ARM.attributes
                0x0000000000000000       0x20 c:/st/stm32cubeide_1.4.0/stm32cubeide/plugins/com.st.stm32cube.ide.mcu.externaltools.gnu-tools-for-stm32.7-2018-q2-update.win32_1.4.0.202007081208/tools/bin/../lib/gcc/arm-none-eabi/7.3.1/thumb/v7e-m/fpv5/hard/crti.o
 .ARM.attributes
                0x0000000000000020       0x32 c:/st/stm32cubeide_1.4.0/stm32cubeide/plugins/com.st.stm32cube.ide.mcu.externaltools.gnu-tools-for-stm32.7-2018-q2-update.win32_1.4.0.202007081208/tools/bin/../lib/gcc/arm-none-eabi/7.3.1/thumb/v7e-m/fpv5/hard/crtbegin.o
 .ARM.attributes
                0x0000000000000052       0x37 Core/Src/main.o
 .ARM.attributes
                0x0000000000000089       0x37 Core/Src/stm32h7xx_hal_msp.o
 .ARM.attributes
                0x00000000000000c0       0x37 Core/Src/stm32h7xx_hal_timebase_tim.o
 .ARM.attributes
                0x00000000000000f7       0x37 Core/Src/stm32h7xx_it.o
 .ARM.attributes
                0x000000000000012e       0x37 Core/Src/system_stm32h7xx.o
 .ARM.attributes
                0x0000000000000165       0x21 Core/Startup/startup_stm32h743zitx.o
 .ARM.attributes
                0x0000000000000186       0x37 Drivers/STM32H7xx_HAL_Driver/Src/stm32h7xx_hal.o
 .ARM.attributes
                0x00000000000001bd       0x37 Drivers/STM32H7xx_HAL_Driver/Src/stm32h7xx_hal_cortex.o
 .ARM.attributes
                0x00000000000001f4       0x37 Drivers/STM32H7xx_HAL_Driver/Src/stm32h7xx_hal_eth.o
 .ARM.attributes
                0x000000000000022b       0x37 Drivers/STM32H7xx_HAL_Driver/Src/stm32h7xx_hal_gpio.o
 .ARM.attributes
                0x0000000000000262       0x37 Drivers/STM32H7xx_HAL_Driver/Src/stm32h7xx_hal_i2c.o
 .ARM.attributes
                0x0000000000000299       0x37 Drivers/STM32H7xx_HAL_Driver/Src/stm32h7xx_hal_i2c_ex.o
 .ARM.attributes
                0x00000000000002d0       0x37 Drivers/STM32H7xx_HAL_Driver/Src/stm32h7xx_hal_pcd.o
 .ARM.attributes
                0x0000000000000307       0x37 Drivers/STM32H7xx_HAL_Driver/Src/stm32h7xx_hal_pcd_ex.o
 .ARM.attributes
                0x000000000000033e       0x37 Drivers/STM32H7xx_HAL_Driver/Src/stm32h7xx_hal_pwr_ex.o
 .ARM.attributes
                0x0000000000000375       0x37 Drivers/STM32H7xx_HAL_Driver/Src/stm32h7xx_hal_rcc.o
 .ARM.attributes
                0x00000000000003ac       0x37 Drivers/STM32H7xx_HAL_Driver/Src/stm32h7xx_hal_rcc_ex.o
 .ARM.attributes
                0x00000000000003e3       0x37 Drivers/STM32H7xx_HAL_Driver/Src/stm32h7xx_hal_spi.o
 .ARM.attributes
                0x000000000000041a       0x37 Drivers/STM32H7xx_HAL_Driver/Src/stm32h7xx_hal_tim.o
 .ARM.attributes
                0x0000000000000451       0x37 Drivers/STM32H7xx_HAL_Driver/Src/stm32h7xx_hal_tim_ex.o
 .ARM.attributes
                0x0000000000000488       0x37 Drivers/STM32H7xx_HAL_Driver/Src/stm32h7xx_hal_uart.o
 .ARM.attributes
                0x00000000000004bf       0x37 Drivers/STM32H7xx_HAL_Driver/Src/stm32h7xx_hal_uart_ex.o
 .ARM.attributes
                0x00000000000004f6       0x37 Drivers/STM32H7xx_HAL_Driver/Src/stm32h7xx_ll_usb.o
 .ARM.attributes
                0x000000000000052d       0x37 Middlewares/Third_Party/FreeRTOS/Source/CMSIS_RTOS_V2/cmsis_os2.o
 .ARM.attributes
                0x0000000000000564       0x37 Middlewares/Third_Party/FreeRTOS/Source/list.o
 .ARM.attributes
                0x000000000000059b       0x37 Middlewares/Third_Party/FreeRTOS/Source/queue.o
 .ARM.attributes
                0x00000000000005d2       0x37 Middlewares/Third_Party/FreeRTOS/Source/tasks.o
 .ARM.attributes
                0x0000000000000609       0x37 Middlewares/Third_Party/FreeRTOS/Source/timers.o
 .ARM.attributes
                0x0000000000000640       0x37 Middlewares/Third_Party/FreeRTOS/Source/portable/GCC/ARM_CM4F/port.o
 .ARM.attributes
                0x0000000000000677       0x37 Middlewares/Third_Party/FreeRTOS/Source/portable/MemMang/heap_4.o
 .ARM.attributes
                0x00000000000006ae       0x32 c:/st/stm32cubeide_1.4.0/stm32cubeide/plugins/com.st.stm32cube.ide.mcu.externaltools.gnu-tools-for-stm32.7-2018-q2-update.win32_1.4.0.202007081208/tools/bin/../lib/gcc/arm-none-eabi/7.3.1/../../../../arm-none-eabi/lib/thumb/v7e-m/fpv5/hard\libc_nano.a(lib_a-init.o)
 .ARM.attributes
                0x00000000000006e0       0x32 c:/st/stm32cubeide_1.4.0/stm32cubeide/plugins/com.st.stm32cube.ide.mcu.externaltools.gnu-tools-for-stm32.7-2018-q2-update.win32_1.4.0.202007081208/tools/bin/../lib/gcc/arm-none-eabi/7.3.1/../../../../arm-none-eabi/lib/thumb/v7e-m/fpv5/hard\libc_nano.a(lib_a-memcpy-stub.o)
 .ARM.attributes
                0x0000000000000712       0x32 c:/st/stm32cubeide_1.4.0/stm32cubeide/plugins/com.st.stm32cube.ide.mcu.externaltools.gnu-tools-for-stm32.7-2018-q2-update.win32_1.4.0.202007081208/tools/bin/../lib/gcc/arm-none-eabi/7.3.1/../../../../arm-none-eabi/lib/thumb/v7e-m/fpv5/hard\libc_nano.a(lib_a-memset.o)
 .ARM.attributes
                0x0000000000000744       0x20 c:/st/stm32cubeide_1.4.0/stm32cubeide/plugins/com.st.stm32cube.ide.mcu.externaltools.gnu-tools-for-stm32.7-2018-q2-update.win32_1.4.0.202007081208/tools/bin/../lib/gcc/arm-none-eabi/7.3.1/thumb/v7e-m/fpv5/hard\libgcc.a(_aeabi_uldivmod.o)
 .ARM.attributes
                0x0000000000000764       0x32 c:/st/stm32cubeide_1.4.0/stm32cubeide/plugins/com.st.stm32cube.ide.mcu.externaltools.gnu-tools-for-stm32.7-2018-q2-update.win32_1.4.0.202007081208/tools/bin/../lib/gcc/arm-none-eabi/7.3.1/thumb/v7e-m/fpv5/hard\libgcc.a(_udivmoddi4.o)
 .ARM.attributes
                0x0000000000000796       0x20 c:/st/stm32cubeide_1.4.0/stm32cubeide/plugins/com.st.stm32cube.ide.mcu.externaltools.gnu-tools-for-stm32.7-2018-q2-update.win32_1.4.0.202007081208/tools/bin/../lib/gcc/arm-none-eabi/7.3.1/thumb/v7e-m/fpv5/hard\libgcc.a(_dvmd_tls.o)
 .ARM.attributes
                0x00000000000007b6       0x20 c:/st/stm32cubeide_1.4.0/stm32cubeide/plugins/com.st.stm32cube.ide.mcu.externaltools.gnu-tools-for-stm32.7-2018-q2-update.win32_1.4.0.202007081208/tools/bin/../lib/gcc/arm-none-eabi/7.3.1/thumb/v7e-m/fpv5/hard/crtn.o
OUTPUT(Nucleo_FreeRTOS_Gripper.elf elf32-littlearm)

.debug_info     0x0000000000000000    0x37f84
 .debug_info    0x0000000000000000     0x43d8 Core/Src/main.o
 .debug_info    0x00000000000043d8     0x3017 Core/Src/stm32h7xx_hal_msp.o
 .debug_info    0x00000000000073ef     0x197c Core/Src/stm32h7xx_hal_timebase_tim.o
 .debug_info    0x0000000000008d6b     0x11a0 Core/Src/stm32h7xx_it.o
 .debug_info    0x0000000000009f0b     0x161d Core/Src/system_stm32h7xx.o
 .debug_info    0x000000000000b528       0x22 Core/Startup/startup_stm32h743zitx.o
 .debug_info    0x000000000000b54a     0x1e3c Drivers/STM32H7xx_HAL_Driver/Src/stm32h7xx_hal.o
 .debug_info    0x000000000000d386     0x1ab0 Drivers/STM32H7xx_HAL_Driver/Src/stm32h7xx_hal_cortex.o
 .debug_info    0x000000000000ee36     0x2f12 Drivers/STM32H7xx_HAL_Driver/Src/stm32h7xx_hal_eth.o
 .debug_info    0x0000000000011d48     0x1666 Drivers/STM32H7xx_HAL_Driver/Src/stm32h7xx_hal_gpio.o
 .debug_info    0x00000000000133ae     0x2ab5 Drivers/STM32H7xx_HAL_Driver/Src/stm32h7xx_hal_i2c.o
 .debug_info    0x0000000000015e63     0x173a Drivers/STM32H7xx_HAL_Driver/Src/stm32h7xx_hal_i2c_ex.o
 .debug_info    0x000000000001759d     0x1ab4 Drivers/STM32H7xx_HAL_Driver/Src/stm32h7xx_hal_pcd.o
 .debug_info    0x0000000000019051     0x1217 Drivers/STM32H7xx_HAL_Driver/Src/stm32h7xx_hal_pcd_ex.o
 .debug_info    0x000000000001a268     0x1951 Drivers/STM32H7xx_HAL_Driver/Src/stm32h7xx_hal_pwr_ex.o
 .debug_info    0x000000000001bbb9     0x17c7 Drivers/STM32H7xx_HAL_Driver/Src/stm32h7xx_hal_rcc.o
 .debug_info    0x000000000001d380     0x1b37 Drivers/STM32H7xx_HAL_Driver/Src/stm32h7xx_hal_rcc_ex.o
 .debug_info    0x000000000001eeb7     0x1dc6 Drivers/STM32H7xx_HAL_Driver/Src/stm32h7xx_hal_spi.o
 .debug_info    0x0000000000020c7d     0x334d Drivers/STM32H7xx_HAL_Driver/Src/stm32h7xx_hal_tim.o
 .debug_info    0x0000000000023fca     0x1fa3 Drivers/STM32H7xx_HAL_Driver/Src/stm32h7xx_hal_tim_ex.o
 .debug_info    0x0000000000025f6d     0x24aa Drivers/STM32H7xx_HAL_Driver/Src/stm32h7xx_hal_uart.o
 .debug_info    0x0000000000028417     0x14a9 Drivers/STM32H7xx_HAL_Driver/Src/stm32h7xx_hal_uart_ex.o
 .debug_info    0x00000000000298c0     0x22a2 Drivers/STM32H7xx_HAL_Driver/Src/stm32h7xx_ll_usb.o
 .debug_info    0x000000000002bb62     0x401f Middlewares/Third_Party/FreeRTOS/Source/CMSIS_RTOS_V2/cmsis_os2.o
 .debug_info    0x000000000002fb81      0xacb Middlewares/Third_Party/FreeRTOS/Source/list.o
 .debug_info    0x000000000003064c     0x239c Middlewares/Third_Party/FreeRTOS/Source/queue.o
 .debug_info    0x00000000000329e8     0x29c5 Middlewares/Third_Party/FreeRTOS/Source/tasks.o
 .debug_info    0x00000000000353ad     0x1aba Middlewares/Third_Party/FreeRTOS/Source/timers.o
 .debug_info    0x0000000000036e67      0x533 Middlewares/Third_Party/FreeRTOS/Source/portable/GCC/ARM_CM4F/port.o
 .debug_info    0x000000000003739a      0xbea Middlewares/Third_Party/FreeRTOS/Source/portable/MemMang/heap_4.o

.debug_abbrev   0x0000000000000000     0x4f69
 .debug_abbrev  0x0000000000000000      0x2ee Core/Src/main.o
 .debug_abbrev  0x00000000000002ee      0x27c Core/Src/stm32h7xx_hal_msp.o
 .debug_abbrev  0x000000000000056a      0x23d Core/Src/stm32h7xx_hal_timebase_tim.o
 .debug_abbrev  0x00000000000007a7      0x1e7 Core/Src/stm32h7xx_it.o
 .debug_abbrev  0x000000000000098e      0x22e Core/Src/system_stm32h7xx.o
 .debug_abbrev  0x0000000000000bbc       0x12 Core/Startup/startup_stm32h743zitx.o
 .debug_abbrev  0x0000000000000bce      0x2d9 Drivers/STM32H7xx_HAL_Driver/Src/stm32h7xx_hal.o
 .debug_abbrev  0x0000000000000ea7      0x3b5 Drivers/STM32H7xx_HAL_Driver/Src/stm32h7xx_hal_cortex.o
 .debug_abbrev  0x000000000000125c      0x2e2 Drivers/STM32H7xx_HAL_Driver/Src/stm32h7xx_hal_eth.o
 .debug_abbrev  0x000000000000153e      0x28f Drivers/STM32H7xx_HAL_Driver/Src/stm32h7xx_hal_gpio.o
 .debug_abbrev  0x00000000000017cd      0x2ac Drivers/STM32H7xx_HAL_Driver/Src/stm32h7xx_hal_i2c.o
 .debug_abbrev  0x0000000000001a79      0x266 Drivers/STM32H7xx_HAL_Driver/Src/stm32h7xx_hal_i2c_ex.o
 .debug_abbrev  0x0000000000001cdf      0x2f4 Drivers/STM32H7xx_HAL_Driver/Src/stm32h7xx_hal_pcd.o
 .debug_abbrev  0x0000000000001fd3      0x2a2 Drivers/STM32H7xx_HAL_Driver/Src/stm32h7xx_hal_pcd_ex.o
 .debug_abbrev  0x0000000000002275      0x311 Drivers/STM32H7xx_HAL_Driver/Src/stm32h7xx_hal_pwr_ex.o
 .debug_abbrev  0x0000000000002586      0x2e2 Drivers/STM32H7xx_HAL_Driver/Src/stm32h7xx_hal_rcc.o
 .debug_abbrev  0x0000000000002868      0x2db Drivers/STM32H7xx_HAL_Driver/Src/stm32h7xx_hal_rcc_ex.o
 .debug_abbrev  0x0000000000002b43      0x2d5 Drivers/STM32H7xx_HAL_Driver/Src/stm32h7xx_hal_spi.o
 .debug_abbrev  0x0000000000002e18      0x2bd Drivers/STM32H7xx_HAL_Driver/Src/stm32h7xx_hal_tim.o
 .debug_abbrev  0x00000000000030d5      0x2c3 Drivers/STM32H7xx_HAL_Driver/Src/stm32h7xx_hal_tim_ex.o
 .debug_abbrev  0x0000000000003398      0x2bb Drivers/STM32H7xx_HAL_Driver/Src/stm32h7xx_hal_uart.o
 .debug_abbrev  0x0000000000003653      0x26f Drivers/STM32H7xx_HAL_Driver/Src/stm32h7xx_hal_uart_ex.o
 .debug_abbrev  0x00000000000038c2      0x30a Drivers/STM32H7xx_HAL_Driver/Src/stm32h7xx_ll_usb.o
 .debug_abbrev  0x0000000000003bcc      0x3c3 Middlewares/Third_Party/FreeRTOS/Source/CMSIS_RTOS_V2/cmsis_os2.o
 .debug_abbrev  0x0000000000003f8f      0x1cf Middlewares/Third_Party/FreeRTOS/Source/list.o
 .debug_abbrev  0x000000000000415e      0x336 Middlewares/Third_Party/FreeRTOS/Source/queue.o
 .debug_abbrev  0x0000000000004494      0x350 Middlewares/Third_Party/FreeRTOS/Source/tasks.o
 .debug_abbrev  0x00000000000047e4      0x2d7 Middlewares/Third_Party/FreeRTOS/Source/timers.o
 .debug_abbrev  0x0000000000004abb      0x210 Middlewares/Third_Party/FreeRTOS/Source/portable/GCC/ARM_CM4F/port.o
 .debug_abbrev  0x0000000000004ccb      0x29e Middlewares/Third_Party/FreeRTOS/Source/portable/MemMang/heap_4.o

.debug_aranges  0x0000000000000000     0x20f0
 .debug_aranges
                0x0000000000000000       0xc8 Core/Src/main.o
 .debug_aranges
                0x00000000000000c8       0x70 Core/Src/stm32h7xx_hal_msp.o
 .debug_aranges
                0x0000000000000138       0x30 Core/Src/stm32h7xx_hal_timebase_tim.o
 .debug_aranges
                0x0000000000000168       0x50 Core/Src/stm32h7xx_it.o
 .debug_aranges
                0x00000000000001b8       0x28 Core/Src/system_stm32h7xx.o
 .debug_aranges
                0x00000000000001e0       0x28 Core/Startup/startup_stm32h743zitx.o
 .debug_aranges
                0x0000000000000208      0x1b8 Drivers/STM32H7xx_HAL_Driver/Src/stm32h7xx_hal.o
 .debug_aranges
                0x00000000000003c0      0x120 Drivers/STM32H7xx_HAL_Driver/Src/stm32h7xx_hal_cortex.o
 .debug_aranges
                0x00000000000004e0      0x1b0 Drivers/STM32H7xx_HAL_Driver/Src/stm32h7xx_hal_eth.o
 .debug_aranges
                0x0000000000000690       0x58 Drivers/STM32H7xx_HAL_Driver/Src/stm32h7xx_hal_gpio.o
 .debug_aranges
                0x00000000000006e8      0x290 Drivers/STM32H7xx_HAL_Driver/Src/stm32h7xx_hal_i2c.o
 .debug_aranges
                0x0000000000000978       0x48 Drivers/STM32H7xx_HAL_Driver/Src/stm32h7xx_hal_i2c_ex.o
 .debug_aranges
                0x00000000000009c0      0x130 Drivers/STM32H7xx_HAL_Driver/Src/stm32h7xx_hal_pcd.o
 .debug_aranges
                0x0000000000000af0       0x60 Drivers/STM32H7xx_HAL_Driver/Src/stm32h7xx_hal_pcd_ex.o
 .debug_aranges
                0x0000000000000b50      0x158 Drivers/STM32H7xx_HAL_Driver/Src/stm32h7xx_hal_pwr_ex.o
 .debug_aranges
                0x0000000000000ca8       0x88 Drivers/STM32H7xx_HAL_Driver/Src/stm32h7xx_hal_rcc.o
 .debug_aranges
                0x0000000000000d30       0xf8 Drivers/STM32H7xx_HAL_Driver/Src/stm32h7xx_hal_rcc_ex.o
 .debug_aranges
                0x0000000000000e28      0x1a0 Drivers/STM32H7xx_HAL_Driver/Src/stm32h7xx_hal_spi.o
 .debug_aranges
                0x0000000000000fc8      0x3e0 Drivers/STM32H7xx_HAL_Driver/Src/stm32h7xx_hal_tim.o
 .debug_aranges
                0x00000000000013a8      0x188 Drivers/STM32H7xx_HAL_Driver/Src/stm32h7xx_hal_tim_ex.o
 .debug_aranges
                0x0000000000001530      0x230 Drivers/STM32H7xx_HAL_Driver/Src/stm32h7xx_hal_uart.o
 .debug_aranges
                0x0000000000001760       0x88 Drivers/STM32H7xx_HAL_Driver/Src/stm32h7xx_hal_uart_ex.o
 .debug_aranges
                0x00000000000017e8      0x198 Drivers/STM32H7xx_HAL_Driver/Src/stm32h7xx_ll_usb.o
 .debug_aranges
                0x0000000000001980      0x228 Middlewares/Third_Party/FreeRTOS/Source/CMSIS_RTOS_V2/cmsis_os2.o
 .debug_aranges
                0x0000000000001ba8       0x40 Middlewares/Third_Party/FreeRTOS/Source/list.o
 .debug_aranges
                0x0000000000001be8      0x158 Middlewares/Third_Party/FreeRTOS/Source/queue.o
 .debug_aranges
                0x0000000000001d40      0x1f8 Middlewares/Third_Party/FreeRTOS/Source/tasks.o
 .debug_aranges
                0x0000000000001f38       0xe8 Middlewares/Third_Party/FreeRTOS/Source/timers.o
 .debug_aranges
                0x0000000000002020       0x80 Middlewares/Third_Party/FreeRTOS/Source/portable/GCC/ARM_CM4F/port.o
 .debug_aranges
                0x00000000000020a0       0x50 Middlewares/Third_Party/FreeRTOS/Source/portable/MemMang/heap_4.o

.debug_ranges   0x0000000000000000     0x1f18
 .debug_ranges  0x0000000000000000       0xb8 Core/Src/main.o
 .debug_ranges  0x00000000000000b8       0x60 Core/Src/stm32h7xx_hal_msp.o
 .debug_ranges  0x0000000000000118       0x20 Core/Src/stm32h7xx_hal_timebase_tim.o
 .debug_ranges  0x0000000000000138       0x40 Core/Src/stm32h7xx_it.o
 .debug_ranges  0x0000000000000178       0x18 Core/Src/system_stm32h7xx.o
 .debug_ranges  0x0000000000000190       0x20 Core/Startup/startup_stm32h743zitx.o
 .debug_ranges  0x00000000000001b0      0x1a8 Drivers/STM32H7xx_HAL_Driver/Src/stm32h7xx_hal.o
 .debug_ranges  0x0000000000000358      0x110 Drivers/STM32H7xx_HAL_Driver/Src/stm32h7xx_hal_cortex.o
 .debug_ranges  0x0000000000000468      0x1a0 Drivers/STM32H7xx_HAL_Driver/Src/stm32h7xx_hal_eth.o
 .debug_ranges  0x0000000000000608       0x48 Drivers/STM32H7xx_HAL_Driver/Src/stm32h7xx_hal_gpio.o
 .debug_ranges  0x0000000000000650      0x280 Drivers/STM32H7xx_HAL_Driver/Src/stm32h7xx_hal_i2c.o
 .debug_ranges  0x00000000000008d0       0x38 Drivers/STM32H7xx_HAL_Driver/Src/stm32h7xx_hal_i2c_ex.o
 .debug_ranges  0x0000000000000908      0x120 Drivers/STM32H7xx_HAL_Driver/Src/stm32h7xx_hal_pcd.o
 .debug_ranges  0x0000000000000a28       0x50 Drivers/STM32H7xx_HAL_Driver/Src/stm32h7xx_hal_pcd_ex.o
 .debug_ranges  0x0000000000000a78      0x148 Drivers/STM32H7xx_HAL_Driver/Src/stm32h7xx_hal_pwr_ex.o
 .debug_ranges  0x0000000000000bc0       0x78 Drivers/STM32H7xx_HAL_Driver/Src/stm32h7xx_hal_rcc.o
 .debug_ranges  0x0000000000000c38       0xe8 Drivers/STM32H7xx_HAL_Driver/Src/stm32h7xx_hal_rcc_ex.o
 .debug_ranges  0x0000000000000d20      0x190 Drivers/STM32H7xx_HAL_Driver/Src/stm32h7xx_hal_spi.o
 .debug_ranges  0x0000000000000eb0      0x3d0 Drivers/STM32H7xx_HAL_Driver/Src/stm32h7xx_hal_tim.o
 .debug_ranges  0x0000000000001280      0x178 Drivers/STM32H7xx_HAL_Driver/Src/stm32h7xx_hal_tim_ex.o
 .debug_ranges  0x00000000000013f8      0x220 Drivers/STM32H7xx_HAL_Driver/Src/stm32h7xx_hal_uart.o
 .debug_ranges  0x0000000000001618       0x78 Drivers/STM32H7xx_HAL_Driver/Src/stm32h7xx_hal_uart_ex.o
 .debug_ranges  0x0000000000001690      0x188 Drivers/STM32H7xx_HAL_Driver/Src/stm32h7xx_ll_usb.o
 .debug_ranges  0x0000000000001818      0x218 Middlewares/Third_Party/FreeRTOS/Source/CMSIS_RTOS_V2/cmsis_os2.o
 .debug_ranges  0x0000000000001a30       0x30 Middlewares/Third_Party/FreeRTOS/Source/list.o
 .debug_ranges  0x0000000000001a60      0x148 Middlewares/Third_Party/FreeRTOS/Source/queue.o
 .debug_ranges  0x0000000000001ba8      0x1e8 Middlewares/Third_Party/FreeRTOS/Source/tasks.o
 .debug_ranges  0x0000000000001d90       0xd8 Middlewares/Third_Party/FreeRTOS/Source/timers.o
 .debug_ranges  0x0000000000001e68       0x70 Middlewares/Third_Party/FreeRTOS/Source/portable/GCC/ARM_CM4F/port.o
 .debug_ranges  0x0000000000001ed8       0x40 Middlewares/Third_Party/FreeRTOS/Source/portable/MemMang/heap_4.o

.debug_macro    0x0000000000000000     0x5cf8
 .debug_macro   0x0000000000000000      0x4a1 Core/Src/main.o
 .debug_macro   0x00000000000004a1       0x16 Core/Src/main.o
 .debug_macro   0x00000000000004b7       0x35 Core/Src/main.o
 .debug_macro   0x00000000000004ec       0x20 Core/Src/main.o
 .debug_macro   0x000000000000050c      0x137 Core/Src/main.o
 .debug_macro   0x0000000000000643       0x66 Core/Src/main.o
 .debug_macro   0x00000000000006a9       0x74 Core/Src/main.o
 .debug_macro   0x000000000000071d       0xdd Core/Src/main.o
 .debug_macro   0x00000000000007fa       0x1c Core/Src/main.o
 .debug_macro   0x0000000000000816       0x10 Core/Src/main.o
 .debug_macro   0x0000000000000826       0x10 Core/Src/main.o
 .debug_macro   0x0000000000000836       0x1c Core/Src/main.o
 .debug_macro   0x0000000000000852       0x52 Core/Src/main.o
 .debug_macro   0x00000000000008a4       0x40 Core/Src/main.o
 .debug_macro   0x00000000000008e4       0x10 Core/Src/main.o
 .debug_macro   0x00000000000008f4       0x40 Core/Src/main.o
 .debug_macro   0x0000000000000934       0xd7 Core/Src/main.o
 .debug_macro   0x0000000000000a0b       0x1c Core/Src/main.o
 .debug_macro   0x0000000000000a27       0x3d Core/Src/main.o
 .debug_macro   0x0000000000000a64       0x16 Core/Src/main.o
 .debug_macro   0x0000000000000a7a      0x145 Core/Src/main.o
 .debug_macro   0x0000000000000bbf       0x22 Core/Src/main.o
 .debug_macro   0x0000000000000be1      0x2fb Core/Src/stm32h7xx_hal_msp.o
 .debug_macro   0x0000000000000edc      0x2ec Core/Src/stm32h7xx_hal_timebase_tim.o
 .debug_macro   0x00000000000011c8      0x305 Core/Src/stm32h7xx_it.o
 .debug_macro   0x00000000000014cd      0x2f2 Core/Src/system_stm32h7xx.o
 .debug_macro   0x00000000000017bf      0x316 Drivers/STM32H7xx_HAL_Driver/Src/stm32h7xx_hal.o
 .debug_macro   0x0000000000001ad5      0x2ec Drivers/STM32H7xx_HAL_Driver/Src/stm32h7xx_hal_cortex.o
 .debug_macro   0x0000000000001dc1      0x379 Drivers/STM32H7xx_HAL_Driver/Src/stm32h7xx_hal_eth.o
 .debug_macro   0x000000000000213a      0x328 Drivers/STM32H7xx_HAL_Driver/Src/stm32h7xx_hal_gpio.o
 .debug_macro   0x0000000000002462      0x3b1 Drivers/STM32H7xx_HAL_Driver/Src/stm32h7xx_hal_i2c.o
 .debug_macro   0x0000000000002813      0x2ec Drivers/STM32H7xx_HAL_Driver/Src/stm32h7xx_hal_i2c_ex.o
 .debug_macro   0x0000000000002aff      0x2f8 Drivers/STM32H7xx_HAL_Driver/Src/stm32h7xx_hal_pcd.o
 .debug_macro   0x0000000000002df7      0x2ec Drivers/STM32H7xx_HAL_Driver/Src/stm32h7xx_hal_pcd_ex.o
 .debug_macro   0x00000000000030e3      0x325 Drivers/STM32H7xx_HAL_Driver/Src/stm32h7xx_hal_pwr_ex.o
 .debug_macro   0x0000000000003408      0x310 Drivers/STM32H7xx_HAL_Driver/Src/stm32h7xx_hal_rcc.o
 .debug_macro   0x0000000000003718      0x30a Drivers/STM32H7xx_HAL_Driver/Src/stm32h7xx_hal_rcc_ex.o
 .debug_macro   0x0000000000003a22      0x2f4 Drivers/STM32H7xx_HAL_Driver/Src/stm32h7xx_hal_spi.o
 .debug_macro   0x0000000000003d16      0x2ed Drivers/STM32H7xx_HAL_Driver/Src/stm32h7xx_hal_tim.o
 .debug_macro   0x0000000000004003      0x2ec Drivers/STM32H7xx_HAL_Driver/Src/stm32h7xx_hal_tim_ex.o
 .debug_macro   0x00000000000042ef      0x317 Drivers/STM32H7xx_HAL_Driver/Src/stm32h7xx_hal_uart.o
 .debug_macro   0x0000000000004606      0x2f8 Drivers/STM32H7xx_HAL_Driver/Src/stm32h7xx_hal_uart_ex.o
 .debug_macro   0x00000000000048fe      0x2ec Drivers/STM32H7xx_HAL_Driver/Src/stm32h7xx_ll_usb.o
 .debug_macro   0x0000000000004bea      0x23a Middlewares/Third_Party/FreeRTOS/Source/CMSIS_RTOS_V2/cmsis_os2.o
 .debug_macro   0x0000000000004e24       0x10 Middlewares/Third_Party/FreeRTOS/Source/CMSIS_RTOS_V2/cmsis_os2.o
 .debug_macro   0x0000000000004e34       0x10 Middlewares/Third_Party/FreeRTOS/Source/CMSIS_RTOS_V2/cmsis_os2.o
 .debug_macro   0x0000000000004e44       0xd3 Middlewares/Third_Party/FreeRTOS/Source/CMSIS_RTOS_V2/cmsis_os2.o
 .debug_macro   0x0000000000004f17       0x91 Middlewares/Third_Party/FreeRTOS/Source/CMSIS_RTOS_V2/cmsis_os2.o
 .debug_macro   0x0000000000004fa8       0x8d Middlewares/Third_Party/FreeRTOS/Source/CMSIS_RTOS_V2/cmsis_os2.o
 .debug_macro   0x0000000000005035       0x9a Middlewares/Third_Party/FreeRTOS/Source/CMSIS_RTOS_V2/cmsis_os2.o
 .debug_macro   0x00000000000050cf      0x17a Middlewares/Third_Party/FreeRTOS/Source/list.o
 .debug_macro   0x0000000000005249      0x209 Middlewares/Third_Party/FreeRTOS/Source/queue.o