main.c:445:5:main	8	static
main.c:537:6:SystemClock_Config	312	static
main.c:609:13:MX_ETH_Init	8	static
main.c:655:13:MX_SPI4_Init	8	static
main.c:703:13:MX_UART7_Init	8	static
main.c:751:13:MX_USART2_UART_Init	8	static
main.c:799:13:MX_USART3_UART_Init	8	static
main.c:847:13:MX_USB_OTG_FS_PCD_Init	8	static
main.c:883:13:MX_GPIO_Init	64	static
main.c:943:6:SPI_E_ReadReg	24	static
main.c:963:6:SPI_E_WriteReg	24	static
main.c:984:6:startUpMouse	32	static
main.c:1065:6:readMouseSensor	32	static
main.c:1105:6:plotSensorData	104	dynamic
main.c:1171:6:StartControlTask	16	static
main.c:1193:6:StartCommBoard	16	static
main.c:1215:6:StartSensorRead	24	static
main.c:1251:6:StartSafety	16	static
main.c:1279:6:HAL_TIM_PeriodElapsedCallback	16	static
main.c:1296:6:Error_Handler	4	static
