main.c:485:5:main	8	static
main.c:578:6:SystemClock_Config	312	static
main.c:651:13:MX_ETH_Init	8	static
main.c:697:13:MX_I2C1_Init	8	static
main.c:743:13:MX_SPI4_Init	8	static
main.c:791:13:MX_UART7_Init	8	static
main.c:839:13:MX_USART2_UART_Init	8	static
main.c:887:13:MX_USART3_UART_Init	8	static
main.c:935:13:MX_USB_OTG_FS_PCD_Init	8	static
main.c:971:13:MX_GPIO_Init	64	static
main.c:1031:6:SPI_E_ReadReg	24	static
main.c:1051:6:SPI_E_WriteReg	24	static
main.c:1072:6:startUpMouse	32	static
main.c:1153:6:readMouseSensor	32	static
main.c:1193:6:plotSensorData	104	dynamic
main.c:1248:6:I2CCommandHandle	152	static
main.c:1305:6:StartControlTask	16	static
main.c:1327:6:StartCommBoard	80	static
main.c:1385:6:StartSensorRead	24	static
main.c:1421:6:StartSafety	16	static
main.c:1449:6:HAL_TIM_PeriodElapsedCallback	16	static
main.c:1466:6:Error_Handler	4	static
